Microchip MPLAB XC8 Compiler V2.20

Linker command line:

-W-3 --edf=C:\Program Files (x86)\Microchip\xc8\pic\dat\en_msgs.txt -cn \
  -h+dist/default/production\Ili9341_lib.X.production.sym \
  --cmf=dist/default/production\Ili9341_lib.X.production.cmf -z -Q18F4550 \
  -oC:\Users\aguat\AppData\Local\Temp\s7pg.2 --defsym=__MPLAB_BUILD=1 \
  -Mdist/default/production/Ili9341_lib.X.production.map -E1 \
  -ver=XC8 Compiler --acfsm=1493 -ASTACK=060h-07FFh -pstack=STACK \
  -ACODE=00h-07FFFh -ACONST=00h-07FFFh -ASMALLCONST=0800h-08FFhx120 \
  -AMEDIUMCONST=0800h-07FFFh -ACOMRAM=01h-05Fh -AABS1=00h-07FFh \
  -ABIGRAM=01h-07FFh -ARAM=060h-0FFh,0100h-01FFhx7 -ABANK0=060h-0FFh \
  -ABANK1=0100h-01FFh -ABANK2=0200h-02FFh -ABANK3=0300h-03FFh \
  -ABANK4=0400h-04FFh -ABANK5=0500h-05FFh -ABANK6=0600h-06FFh \
  -ABANK7=0700h-07FFh -ASFR=0F60h-0FFFh -ACONFIG=0300000h-030000Dh \
  -AIDLOC=0200000h-0200007h -preset_vec=00h,intcode,intcodelo,powerup,init \
  -pramtop=0800h -psmallconst=SMALLCONST -pmediumconst=MEDIUMCONST \
  -pconst=CONST -AFARRAM=00h-00h -AEEDATA=0F00000h-0F000FFh \
  -peeprom_data=EEDATA \
  -prdata=COMRAM,nvrram=COMRAM,nvbit=COMRAM,rbss=COMRAM,rbit=COMRAM \
  -pfarbss=FARRAM,fardata=FARRAM,nvFARRAM=FARRAM \
  -pintsave_regs=BIGRAM,bigbss=BIGRAM,bigdata=BIGRAM -pbss=RAM \
  -pidata=CODE,irdata=CODE,ibigdata=CODE,ifardata=CODE -prparam=COMRAM \
  C:\Users\aguat\AppData\Local\Temp\s7pg.o \
  dist/default/production\Ili9341_lib.X.production.o 

Object code version is 3.11

Machine type is 18F4550



                Name                               Link     Load   Length Selector   Space Scale
C:\Users\aguat\AppData\Local\Temp\s7pg.o
                idloc                            200000   200000        8        0       5
                config                           300000   300000        E        0       4
                init                                  0        0        4        0       0
dist/default/production\Ili9341_lib.X.production.o
                idloc                            200000   200000        8        0       5
                config                           300000   300000        E        0       4
                mediumconst                        688A     688A     1776     3445       0
                text14                             5B84     5B84       26     2DC2       0
                text13                             5F1E     5F1E      108     2F8F       0
                text12                             5B76     5B76        E     2DBB       0
                text11                             6026     6026      108     3013       0
                text10                             5BAA     5BAA       32     2DD5       0
                text9                              6372     6372      140     31B9       0
                text8                              5E3E     5E3E       E0     2F1F       0
                text7                              5C12     5C12       44     2E09       0
                text6                              612E     612E      122     3097       0
                text5                              6250     6250      122     3128       0
                text4                              5CD4     5CD4       9A     2E6A       0
                text3                              5C56     5C56       7E     2E2B       0
                text2                              64B2     64B2      15E     3259       0
                text1                              6610     6610      27A     3308       0
                text0                              5D6E     5D6E       D0     2EB7       0
                cstackCOMRAM                          1        1       2E        1       1
                dataCOMRAM                           37       37        4        1       1
                bssCOMRAM                            2F       2F        8        1       1
                cinit                              5BDC     5BDC       36     2DEE       0
                idataCOMRAM                        5B72     5B72        4     5B72       0

TOTAL           Name                               Link     Load   Length     Space
        CLASS   STACK          

        CLASS   CODE           
                init                                  0        0        4         0
                text14                             5B84     5B84       26         0
                text13                             5F1E     5F1E      108         0
                text12                             5B76     5B76        E         0
                text11                             6026     6026      108         0
                text10                             5BAA     5BAA       32         0
                text9                              6372     6372      140         0
                text8                              5E3E     5E3E       E0         0
                text7                              5C12     5C12       44         0
                text6                              612E     612E      122         0
                text5                              6250     6250      122         0
                text4                              5CD4     5CD4       9A         0
                text3                              5C56     5C56       7E         0
                text2                              64B2     64B2      15E         0
                text1                              6610     6610      27A         0
                text0                              5D6E     5D6E       D0         0
                cinit                              5BDC     5BDC       36         0
                idataCOMRAM                        5B72     5B72        4         0

        CLASS   CONST          

        CLASS   SMALLCONST     

        CLASS   MEDIUMCONST    
                mediumconst                        688A     688A     1776         0

        CLASS   COMRAM         
                cstackCOMRAM                          1        1       2E         1
                dataCOMRAM                           37       37        4         1
                bssCOMRAM                            2F       2F        8         1

        CLASS   ABS1           

        CLASS   BIGRAM         

        CLASS   RAM            

        CLASS   BANK0          

        CLASS   BANK1          

        CLASS   BANK2          

        CLASS   BANK3          

        CLASS   BANK4          

        CLASS   BANK5          

        CLASS   BANK6          

        CLASS   BANK7          

        CLASS   SFR            

        CLASS   CONFIG         
                config                           300000   300000        E         4

        CLASS   IDLOC          
                idloc                            200000   200000        8         5

        CLASS   FARRAM         

        CLASS   EEDATA         



SEGMENTS        Name                           Load    Length   Top    Selector   Space  Class

                reset_vec                      000000  000004  000004         0       0  CODE    
                cstackCOMRAM                   000001  00003A  00003B         1       1  COMRAM  
                idataCOMRAM                    005B72  000004  005B76      5B72       0  CODE    
                text12                         005B76  00000E  005B84      2DBB       0  CODE    
                text14                         005B84  000026  005BAA      2DC2       0  CODE    
                text10                         005BAA  000032  005BDC      2DD5       0  CODE    
                cinit                          005BDC  000036  005C12      2DEE       0  CODE    
                text7                          005C12  000044  005C56      2E09       0  CODE    
                text3                          005C56  00007E  005CD4      2E2B       0  CODE    
                text4                          005CD4  00009A  005D6E      2E6A       0  CODE    
                text0                          005D6E  0000D0  005E3E      2EB7       0  CODE    
                text8                          005E3E  0000E0  005F1E      2F1F       0  CODE    
                text13                         005F1E  000108  006026      2F8F       0  CODE    
                text11                         006026  000108  00612E      3013       0  CODE    
                text6                          00612E  000122  006250      3097       0  CODE    
                text5                          006250  000122  006372      3128       0  CODE    
                text9                          006372  000140  0064B2      31B9       0  CODE    
                text2                          0064B2  00015E  006610      3259       0  CODE    
                text1                          006610  00027A  00688A      3308       0  CODE    
                mediumconst                    00688A  001776  008000      3445       0  MEDIUMCO


UNUSED ADDRESS RANGES

        Name                Unused          Largest block    Delta
        BANK0            000060-0000FF               A0
        BANK1            000100-0001FF              100
        BANK2            000200-0002FF              100
        BANK3            000300-0003FF              100
        BANK4            000400-0004FF              100
        BANK5            000500-0005FF              100
        BANK6            000600-0006FF              100
        BANK7            000700-0007FF              100
        BIGRAM           00003B-0007FF              7C5
        CODE             000004-005B71             5B6E
        COMRAM           00003B-00005F               25
        CONST            000004-005B71             5B6E
        EEDATA           F00000-F000FF              100
        MEDIUMCONST      000800-005B71             5372
        RAM              000060-0007FF              100
        SFR              000F60-000FFF               A0
        SMALLCONST       000800-005B71              100
        STACK            000060-0007FF              7A0

                                  Symbol Table

?___wmul                        cstackCOMRAM 000001
_ADON                           (abs)        007E10
_LCD_H                          dataCOMRAM   000037
_LCD_W                          dataCOMRAM   000039
_PORTBbits                      (abs)        000F81
_PORTD                          (abs)        000F83
_PORTDbits                      (abs)        000F83
_TRISBbits                      (abs)        000F93
_TRISD                          (abs)        000F95
__HRAM                          (abs)        000000
__Habs1                         abs1         000000
__Hbank0                        bank0        000000
__Hbank1                        bank1        000000
__Hbank2                        bank2        000000
__Hbank3                        bank3        000000
__Hbank4                        bank4        000000
__Hbank5                        bank5        000000
__Hbank6                        bank6        000000
__Hbank7                        bank7        000000
__Hbigbss                       bigbss       000000
__Hbigdata                      bigdata      000000
__Hbigram                       bigram       000000
__Hbss                          bss          000000
__HbssCOMRAM                    bssCOMRAM    000000
__Hcinit                        cinit        000000
__Hclrtext                      clrtext      000000
__Hcomram                       comram       000000
__Hconfig                       config       30000E
__Hconst                        const        000000
__HcstackCOMRAM                 cstackCOMRAM 000000
__Hdata                         data         000000
__HdataCOMRAM                   dataCOMRAM   000000
__Heeprom_data                  eeprom_data  000000
__Hfarbss                       farbss       000000
__Hfardata                      fardata      000000
__Hibigdata                     ibigdata     000000
__Hidata                        idata        000000
__HidataCOMRAM                  idataCOMRAM  000000
__Hidloc                        idloc        200008
__Hifardata                     ifardata     000000
__Hinit                         init         000004
__Hintcode                      intcode      000000
__Hintcode_body                 intcode_body 000000
__Hintcodelo                    intcodelo    000000
__Hintentry                     intentry     000000
__Hintret                       intret       000000
__Hintsave_regs                 intsave_regs 000000
__Hirdata                       irdata       000000
__Hmediumconst                  mediumconst  008000
__HnvFARRAM                     nvFARRAM     000000
__Hnvbit                        nvbit        000000
__Hnvrram                       nvrram       000000
__Hparam                        rparam       000000
__Hpowerup                      powerup      000000
__Hram                          ram          000000
__Hramtop                       ramtop       000800
__Hrbit                         rbit         000000
__Hrbss                         rbss         000000
__Hrdata                        rdata        000000
__Hreset_vec                    reset_vec    000000
__Hrparam                       rparam       000000
__Hsfr                          sfr          000000
__Hsmallconst                   smallconst   000000
__Hspace_0                      (abs)        008000
__Hspace_1                      (abs)        00003B
__Hspace_2                      (abs)        000000
__Hspace_4                      (abs)        60000E
__Hstack                        stack        000000
__Hstruct                       struct       000000
__Htemp                         temp         000000
__Htext                         text         000000
__Htext0                        text0        000000
__Htext1                        text1        000000
__Htext10                       text10       000000
__Htext11                       text11       000000
__Htext12                       text12       000000
__Htext13                       text13       000000
__Htext14                       text14       000000
__Htext2                        text2        000000
__Htext3                        text3        000000
__Htext4                        text4        000000
__Htext5                        text5        000000
__Htext6                        text6        000000
__Htext7                        text7        000000
__Htext8                        text8        000000
__Htext9                        text9        000000
__LRAM                          (abs)        000001
__Labs1                         abs1         000000
__Lbank0                        bank0        000000
__Lbank1                        bank1        000000
__Lbank2                        bank2        000000
__Lbank3                        bank3        000000
__Lbank4                        bank4        000000
__Lbank5                        bank5        000000
__Lbank6                        bank6        000000
__Lbank7                        bank7        000000
__Lbigbss                       bigbss       000000
__Lbigdata                      bigdata      000000
__Lbigram                       bigram       000000
__Lbss                          bss          000000
__LbssCOMRAM                    bssCOMRAM    000000
__Lcinit                        cinit        000000
__Lclrtext                      clrtext      000000
__Lcomram                       comram       000000
__Lconfig                       config       000000
__Lconst                        const        000000
__LcstackCOMRAM                 cstackCOMRAM 000000
__Ldata                         data         000000
__LdataCOMRAM                   dataCOMRAM   000000
__Leeprom_data                  eeprom_data  000000
__Lfarbss                       farbss       000000
__Lfardata                      fardata      000000
__Libigdata                     ibigdata     000000
__Lidata                        idata        000000
__LidataCOMRAM                  idataCOMRAM  000000
__Lidloc                        idloc        000000
__Lifardata                     ifardata     000000
__Linit                         init         000000
__Lintcode                      intcode      000000
__Lintcode_body                 intcode_body 000000
__Lintcodelo                    intcodelo    000000
__Lintentry                     intentry     000000
__Lintret                       intret       000000
__Lintsave_regs                 intsave_regs 000000
__Lirdata                       irdata       000000
__Lmediumconst                  mediumconst  00688A
__LnvFARRAM                     nvFARRAM     000000
__Lnvbit                        nvbit        000000
__Lnvrram                       nvrram       000000
__Lparam                        rparam       000000
__Lpowerup                      powerup      000000
__Lram                          ram          000000
__Lramtop                       ramtop       000800
__Lrbit                         rbit         000000
__Lrbss                         rbss         000000
__Lrdata                        rdata        000000
__Lreset_vec                    reset_vec    000000
__Lrparam                       rparam       000000
__Lsfr                          sfr          000000
__Lsmallconst                   smallconst   000000
__Lspace_0                      (abs)        000000
__Lspace_1                      (abs)        000000
__Lspace_2                      (abs)        000000
__Lspace_4                      (abs)        000000
__Lstack                        stack        000000
__Lstruct                       struct       000000
__Ltemp                         temp         000000
__Ltext                         text         000000
__Ltext0                        text0        000000
__Ltext1                        text1        000000
__Ltext10                       text10       000000
__Ltext11                       text11       000000
__Ltext12                       text12       000000
__Ltext13                       text13       000000
__Ltext14                       text14       000000
__Ltext2                        text2        000000
__Ltext3                        text3        000000
__Ltext4                        text4        000000
__Ltext5                        text5        000000
__Ltext6                        text6        000000
__Ltext7                        text7        000000
__Ltext8                        text8        000000
__Ltext9                        text9        000000
__S0                            (abs)        008000
__S1                            (abs)        00003B
__S2                            (abs)        000000
__S4                            (abs)        000000
__S5                            (abs)        000000
___inthi_sp                     stack        000000
___intlo_sp                     stack        000000
___param_bank                   (abs)        000000
___rparam_used                  (abs)        000001
___sp                           stack        000000
___wmul                         text14       005B84
___wmul@multiplicand            cstackCOMRAM 000003
___wmul@multiplier              cstackCOMRAM 000001
___wmul@product                 cstackCOMRAM 000005
__accesstop                     (abs)        000060
__activetblptr                  (abs)        000002
__end_of___wmul                 text14       005BAA
__end_of__initialization        cinit        005C08
__end_of_bigNumbers             mediumconst  0075AB
__end_of_font                   mediumconst  007C91
__end_of_ili9341_draw_string    text8        005F1E
__end_of_ili9341_drawchar       text9        0064B2
__end_of_ili9341_drawhline      text6        006250
__end_of_ili9341_drawrect       text4        005D6E
__end_of_ili9341_drawvline      text5        006372
__end_of_ili9341_fill           text3        005CD4
__end_of_ili9341_fillrect       text2        006610
__end_of_ili9341_init           text1        00688A
__end_of_ili9341_pushcolor      text12       005B84
__end_of_ili9341_setadress      text7        005C56
__end_of_ili9341_setcursor      text10       005BDC
__end_of_ili9341_write_command  text11       00612E
__end_of_ili9341_write_date     text13       006026
__end_of_main                   text0        005E3E
__end_of_numbers                mediumconst  007FD9
__initialization                cinit        005BDC
__mediumconst                   mediumconst  00688A
__pbssCOMRAM                    bssCOMRAM    00002F
__pcinit                        cinit        005BDC
__pcstackCOMRAM                 cstackCOMRAM 000001
__pdataCOMRAM                   dataCOMRAM   000037
__pidataCOMRAM                  idataCOMRAM  005B72
__pmediumconst                  mediumconst  00688A
__ptext0                        text0        005D6E
__ptext1                        text1        006610
__ptext10                       text10       005BAA
__ptext11                       text11       006026
__ptext12                       text12       005B76
__ptext13                       text13       005F1E
__ptext14                       text14       005B84
__ptext2                        text2        0064B2
__ptext3                        text3        005C56
__ptext4                        text4        005CD4
__ptext5                        text5        006250
__ptext6                        text6        00612E
__ptext7                        text7        005C12
__ptext8                        text8        005E3E
__ptext9                        text9        006372
__ramtop                        ramtop       000800
__size_of___wmul                (abs)        000000
__size_of_ili9341_draw_string   (abs)        000000
__size_of_ili9341_drawchar      (abs)        000000
__size_of_ili9341_drawhline     (abs)        000000
__size_of_ili9341_drawrect      (abs)        000000
__size_of_ili9341_drawvline     (abs)        000000
__size_of_ili9341_fill          (abs)        000000
__size_of_ili9341_fillrect      (abs)        000000
__size_of_ili9341_init          (abs)        000000
__size_of_ili9341_pushcolor     (abs)        000000
__size_of_ili9341_setadress     (abs)        000000
__size_of_ili9341_setcursor     (abs)        000000
__size_of_ili9341_write_command (abs)        000000
__size_of_ili9341_write_date    (abs)        000000
__size_of_main                  (abs)        000000
__smallconst                    smallconst   000000
_bg_colour                      bssCOMRAM    000033
_bigNumbers                     mediumconst  00688B
_font                           mediumconst  0075AB
_ili9341_draw_string            text8        005E3E
_ili9341_drawchar               text9        006372
_ili9341_drawhline              text6        00612E
_ili9341_drawrect               text4        005CD4
_ili9341_drawvline              text5        006250
_ili9341_fill                   text3        005C56
_ili9341_fillrect               text2        0064B2
_ili9341_init                   text1        006610
_ili9341_pushcolor              text12       005B76
_ili9341_setadress              text7        005C12
_ili9341_setcursor              text10       005BAA
_ili9341_write_command          text11       006026
_ili9341_write_date             text13       005F1E
_main                           text0        005D6E
_numbers                        mediumconst  007C91
_txt_colour                     bssCOMRAM    000035
_txt_x                          bssCOMRAM    000031
_txt_y                          bssCOMRAM    00002F
end_of_initialization           cinit        005C08
ili9341_draw_string@bg_color    cstackCOMRAM 000025
ili9341_draw_string@fg_color    cstackCOMRAM 000023
ili9341_draw_string@k           cstackCOMRAM 00002B
ili9341_draw_string@lIndex      cstackCOMRAM 00002D
ili9341_draw_string@pS          cstackCOMRAM 000021
ili9341_draw_string@x           cstackCOMRAM 00001D
ili9341_draw_string@y           cstackCOMRAM 00001F
ili9341_drawchar@bg_color       cstackCOMRAM 000010
ili9341_drawchar@color          cstackCOMRAM 00000E
ili9341_drawchar@fIndex         cstackCOMRAM 00000C
ili9341_drawchar@i              cstackCOMRAM 00001C
ili9341_drawchar@iOffset        cstackCOMRAM 000018
ili9341_drawchar@j              cstackCOMRAM 00001A
ili9341_drawchar@k              cstackCOMRAM 00001B
ili9341_drawchar@x              cstackCOMRAM 000008
ili9341_drawchar@y              cstackCOMRAM 00000A
ili9341_drawhline@color         cstackCOMRAM 000012
ili9341_drawhline@i             cstackCOMRAM 00001B
ili9341_drawhline@j             cstackCOMRAM 000019
ili9341_drawhline@w             cstackCOMRAM 000010
ili9341_drawhline@x             cstackCOMRAM 00000C
ili9341_drawhline@y             cstackCOMRAM 00000E
ili9341_drawrect@color          cstackCOMRAM 000025
ili9341_drawrect@h              cstackCOMRAM 000023
ili9341_drawrect@w              cstackCOMRAM 000021
ili9341_drawrect@x              cstackCOMRAM 00001D
ili9341_drawrect@y              cstackCOMRAM 00001F
ili9341_drawvline@color         cstackCOMRAM 000012
ili9341_drawvline@h             cstackCOMRAM 000010
ili9341_drawvline@i             cstackCOMRAM 000019
ili9341_drawvline@j             cstackCOMRAM 00001B
ili9341_drawvline@x             cstackCOMRAM 00000C
ili9341_drawvline@y             cstackCOMRAM 00000E
ili9341_fill@color              cstackCOMRAM 00000C
ili9341_fill@i                  cstackCOMRAM 00000E
ili9341_fill@j                  cstackCOMRAM 000010
ili9341_fillrect@color          cstackCOMRAM 000014
ili9341_fillrect@h              cstackCOMRAM 000012
ili9341_fillrect@w              cstackCOMRAM 000010
ili9341_fillrect@x              cstackCOMRAM 00000C
ili9341_fillrect@y              cstackCOMRAM 00000E
ili9341_pushcolor@color         cstackCOMRAM 000004
ili9341_setadress@ec            cstackCOMRAM 000006
ili9341_setadress@ep            cstackCOMRAM 00000A
ili9341_setadress@sc            cstackCOMRAM 000004
ili9341_setadress@sp            cstackCOMRAM 000008
ili9341_setcursor@x             cstackCOMRAM 000004
ili9341_setcursor@y             cstackCOMRAM 000006
ili9341_write_command@cmd       cstackCOMRAM 000003
ili9341_write_date@date         cstackCOMRAM 000003
intlevel0                       text         000000
intlevel1                       text         000000
intlevel2                       text         000000
intlevel3                       text         000000
stackhi                         (abs)        0007FF
stacklo                         (abs)        000060
start                           init         000000
start_initialization            cinit        005BDC


FUNCTION INFORMATION:

 *************** function _main *****************
 Defined at:
		line 11 in file "Main.c"
 Parameters:    Size  Location     Type
		None
 Auto vars:     Size  Location     Type
		None
 Return value:  Size  Location     Type
                  1    wreg      void 
 Registers used:
		wreg, status,2, status,0, tblptrl, tblptrh, tblptru, prodl, prodh, cstack
 Tracked objects:
		On entry : 
		On exit  : 
		Unchanged: 
 Data sizes:     COMRAM   BANK0   BANK1   BANK2   BANK3   BANK4   BANK5   BANK6   BANK7
      Params:         0       0       0       0       0       0       0       0       0
      Locals:         0       0       0       0       0       0       0       0       0
      Temps:          0       0       0       0       0       0       0       0       0
      Totals:         0       0       0       0       0       0       0       0       0
Total ram usage:        0 bytes
 Hardware stack levels required when called:    4
 This function calls:
		_ili9341_draw_string
		_ili9341_drawrect
		_ili9341_fill
		_ili9341_fillrect
		_ili9341_init
 This function is called by:
		Startup code after reset
 This function uses a non-reentrant model


 *************** function _ili9341_init *****************
 Defined at:
		line 7 in file "Ili9341.c"
 Parameters:    Size  Location     Type
		None
 Auto vars:     Size  Location     Type
		None
 Return value:  Size  Location     Type
                  1    wreg      void 
 Registers used:
		wreg, status,2, status,0, cstack
 Tracked objects:
		On entry : 
		On exit  : 
		Unchanged: 
 Data sizes:     COMRAM   BANK0   BANK1   BANK2   BANK3   BANK4   BANK5   BANK6   BANK7
      Params:         0       0       0       0       0       0       0       0       0
      Locals:         0       0       0       0       0       0       0       0       0
      Temps:          2       0       0       0       0       0       0       0       0
      Totals:         2       0       0       0       0       0       0       0       0
Total ram usage:        2 bytes
 Hardware stack levels used:    1
 Hardware stack levels required when called:    1
 This function calls:
		_ili9341_write_command
		_ili9341_write_date
 This function is called by:
		_main
 This function uses a non-reentrant model


 *************** function _ili9341_fillrect *****************
 Defined at:
		line 308 in file "Ili9341.c"
 Parameters:    Size  Location     Type
  x               2   11[COMRAM] int 
  y               2   13[COMRAM] int 
  w               2   15[COMRAM] int 
  h               2   17[COMRAM] int 
  color           2   19[COMRAM] int 
 Auto vars:     Size  Location     Type
		None
 Return value:  Size  Location     Type
                  1    wreg      void 
 Registers used:
		wreg, status,2, status,0, cstack
 Tracked objects:
		On entry : 
		On exit  : 
		Unchanged: 
 Data sizes:     COMRAM   BANK0   BANK1   BANK2   BANK3   BANK4   BANK5   BANK6   BANK7
      Params:        10       0       0       0       0       0       0       0       0
      Locals:         0       0       0       0       0       0       0       0       0
      Temps:          4       0       0       0       0       0       0       0       0
      Totals:        14       0       0       0       0       0       0       0       0
Total ram usage:       14 bytes
 Hardware stack levels used:    1
 Hardware stack levels required when called:    2
 This function calls:
		_ili9341_pushcolor
		_ili9341_setadress
 This function is called by:
		_main
 This function uses a non-reentrant model


 *************** function _ili9341_fill *****************
 Defined at:
		line 290 in file "Ili9341.c"
 Parameters:    Size  Location     Type
  color           2   11[COMRAM] int 
 Auto vars:     Size  Location     Type
  j               2   15[COMRAM] int 
  i               2   13[COMRAM] int 
 Return value:  Size  Location     Type
                  1    wreg      void 
 Registers used:
		wreg, status,2, status,0, cstack
 Tracked objects:
		On entry : 
		On exit  : 
		Unchanged: 
 Data sizes:     COMRAM   BANK0   BANK1   BANK2   BANK3   BANK4   BANK5   BANK6   BANK7
      Params:         2       0       0       0       0       0       0       0       0
      Locals:         4       0       0       0       0       0       0       0       0
      Temps:          0       0       0       0       0       0       0       0       0
      Totals:         6       0       0       0       0       0       0       0       0
Total ram usage:        6 bytes
 Hardware stack levels used:    1
 Hardware stack levels required when called:    2
 This function calls:
		_ili9341_pushcolor
		_ili9341_setadress
 This function is called by:
		_main
 This function uses a non-reentrant model


 *************** function _ili9341_drawrect *****************
 Defined at:
		line 330 in file "Ili9341.c"
 Parameters:    Size  Location     Type
  x               2   28[COMRAM] int 
  y               2   30[COMRAM] int 
  w               2   32[COMRAM] int 
  h               2   34[COMRAM] int 
  color           2   36[COMRAM] int 
 Auto vars:     Size  Location     Type
		None
 Return value:  Size  Location     Type
                  1    wreg      void 
 Registers used:
		wreg, status,2, status,0, cstack
 Tracked objects:
		On entry : 
		On exit  : 
		Unchanged: 
 Data sizes:     COMRAM   BANK0   BANK1   BANK2   BANK3   BANK4   BANK5   BANK6   BANK7
      Params:        10       0       0       0       0       0       0       0       0
      Locals:         0       0       0       0       0       0       0       0       0
      Temps:          0       0       0       0       0       0       0       0       0
      Totals:        10       0       0       0       0       0       0       0       0
Total ram usage:       10 bytes
 Hardware stack levels used:    1
 Hardware stack levels required when called:    3
 This function calls:
		_ili9341_drawhline
		_ili9341_drawvline
 This function is called by:
		_main
 This function uses a non-reentrant model


 *************** function _ili9341_drawvline *****************
 Defined at:
		line 354 in file "Ili9341.c"
 Parameters:    Size  Location     Type
  x               2   11[COMRAM] int 
  y               2   13[COMRAM] int 
  h               2   15[COMRAM] int 
  color           2   17[COMRAM] int 
 Auto vars:     Size  Location     Type
  j               2   26[COMRAM] int 
  i               2   24[COMRAM] int 
 Return value:  Size  Location     Type
                  1    wreg      void 
 Registers used:
		wreg, status,2, status,0, cstack
 Tracked objects:
		On entry : 
		On exit  : 
		Unchanged: 
 Data sizes:     COMRAM   BANK0   BANK1   BANK2   BANK3   BANK4   BANK5   BANK6   BANK7
      Params:         8       0       0       0       0       0       0       0       0
      Locals:         4       0       0       0       0       0       0       0       0
      Temps:          5       0       0       0       0       0       0       0       0
      Totals:        17       0       0       0       0       0       0       0       0
Total ram usage:       17 bytes
 Hardware stack levels used:    1
 Hardware stack levels required when called:    2
 This function calls:
		_ili9341_pushcolor
		_ili9341_setadress
 This function is called by:
		_ili9341_drawrect
		_ili9341_draw_filled_circle
 This function uses a non-reentrant model


 *************** function _ili9341_drawhline *****************
 Defined at:
		line 375 in file "Ili9341.c"
 Parameters:    Size  Location     Type
  x               2   11[COMRAM] int 
  y               2   13[COMRAM] int 
  w               2   15[COMRAM] int 
  color           2   17[COMRAM] int 
 Auto vars:     Size  Location     Type
  j               2   24[COMRAM] int 
  i               2   26[COMRAM] int 
 Return value:  Size  Location     Type
                  1    wreg      void 
 Registers used:
		wreg, status,2, status,0, cstack
 Tracked objects:
		On entry : 
		On exit  : 
		Unchanged: 
 Data sizes:     COMRAM   BANK0   BANK1   BANK2   BANK3   BANK4   BANK5   BANK6   BANK7
      Params:         8       0       0       0       0       0       0       0       0
      Locals:         4       0       0       0       0       0       0       0       0
      Temps:          5       0       0       0       0       0       0       0       0
      Totals:        17       0       0       0       0       0       0       0       0
Total ram usage:       17 bytes
 Hardware stack levels used:    1
 Hardware stack levels required when called:    2
 This function calls:
		_ili9341_pushcolor
		_ili9341_setadress
 This function is called by:
		_ili9341_drawrect
 This function uses a non-reentrant model


 *************** function _ili9341_setadress *****************
 Defined at:
		line 259 in file "Ili9341.c"
 Parameters:    Size  Location     Type
  sc              2    3[COMRAM] int 
  ec              2    5[COMRAM] int 
  sp              2    7[COMRAM] int 
  ep              2    9[COMRAM] int 
 Auto vars:     Size  Location     Type
		None
 Return value:  Size  Location     Type
                  1    wreg      void 
 Registers used:
		wreg, status,2, status,0, cstack
 Tracked objects:
		On entry : 
		On exit  : 
		Unchanged: 
 Data sizes:     COMRAM   BANK0   BANK1   BANK2   BANK3   BANK4   BANK5   BANK6   BANK7
      Params:         8       0       0       0       0       0       0       0       0
      Locals:         0       0       0       0       0       0       0       0       0
      Temps:          0       0       0       0       0       0       0       0       0
      Totals:         8       0       0       0       0       0       0       0       0
Total ram usage:        8 bytes
 Hardware stack levels used:    1
 Hardware stack levels required when called:    1
 This function calls:
		_ili9341_write_command
		_ili9341_write_date
 This function is called by:
		_ili9341_fill
		_ili9341_fillrect
		_ili9341_drawvline
		_ili9341_drawhline
		_ili9341_drawpixel
 This function uses a non-reentrant model


 *************** function _ili9341_draw_string *****************
 Defined at:
		line 499 in file "Ili9341.c"
 Parameters:    Size  Location     Type
  x               2   28[COMRAM] unsigned short 
  y               2   30[COMRAM] unsigned short 
  pS              2   32[COMRAM] PTR const unsigned char 
		 -> STR_2(21), STR_1(16), 
  fg_color        2   34[COMRAM] unsigned short 
  bg_color        2   36[COMRAM] unsigned short 
 Auto vars:     Size  Location     Type
  lIndex          2   44[COMRAM] unsigned short 
  k               2   42[COMRAM] unsigned short 
 Return value:  Size  Location     Type
                  1    wreg      void 
 Registers used:
		wreg, status,2, status,0, tblptrl, tblptrh, tblptru, prodl, prodh, cstack
 Tracked objects:
		On entry : 
		On exit  : 
		Unchanged: 
 Data sizes:     COMRAM   BANK0   BANK1   BANK2   BANK3   BANK4   BANK5   BANK6   BANK7
      Params:        10       0       0       0       0       0       0       0       0
      Locals:         4       0       0       0       0       0       0       0       0
      Temps:          4       0       0       0       0       0       0       0       0
      Totals:        18       0       0       0       0       0       0       0       0
Total ram usage:       18 bytes
 Hardware stack levels used:    1
 Hardware stack levels required when called:    3
 This function calls:
		_ili9341_drawchar
 This function is called by:
		_main
 This function uses a non-reentrant model


 *************** function _ili9341_drawchar *****************
 Defined at:
		line 423 in file "Ili9341.c"
 Parameters:    Size  Location     Type
  x               2    7[COMRAM] int 
  y               2    9[COMRAM] int 
  fIndex          2   11[COMRAM] int 
  color           2   13[COMRAM] int 
  bg_color        2   15[COMRAM] int 
 Auto vars:     Size  Location     Type
  iOffset         2   23[COMRAM] unsigned short 
  i               1   27[COMRAM] unsigned char 
  k               1   26[COMRAM] unsigned char 
  j               1   25[COMRAM] unsigned char 
 Return value:  Size  Location     Type
                  1    wreg      void 
 Registers used:
		wreg, status,2, status,0, tblptrl, tblptrh, tblptru, prodl, prodh, cstack
 Tracked objects:
		On entry : 
		On exit  : 
		Unchanged: 
 Data sizes:     COMRAM   BANK0   BANK1   BANK2   BANK3   BANK4   BANK5   BANK6   BANK7
      Params:        10       0       0       0       0       0       0       0       0
      Locals:         5       0       0       0       0       0       0       0       0
      Temps:          6       0       0       0       0       0       0       0       0
      Totals:        21       0       0       0       0       0       0       0       0
Total ram usage:       21 bytes
 Hardware stack levels used:    1
 Hardware stack levels required when called:    2
 This function calls:
		___wmul
		_ili9341_pushcolor
		_ili9341_setcursor
 This function is called by:
		_ili9341_draw_string
 This function uses a non-reentrant model


 *************** function _ili9341_setcursor *****************
 Defined at:
		line 480 in file "Ili9341.c"
 Parameters:    Size  Location     Type
  x               2    3[COMRAM] int 
  y               2    5[COMRAM] int 
 Auto vars:     Size  Location     Type
		None
 Return value:  Size  Location     Type
                  1    wreg      void 
 Registers used:
		wreg, status,2, status,0, cstack
 Tracked objects:
		On entry : 
		On exit  : 
		Unchanged: 
 Data sizes:     COMRAM   BANK0   BANK1   BANK2   BANK3   BANK4   BANK5   BANK6   BANK7
      Params:         4       0       0       0       0       0       0       0       0
      Locals:         0       0       0       0       0       0       0       0       0
      Temps:          0       0       0       0       0       0       0       0       0
      Totals:         4       0       0       0       0       0       0       0       0
Total ram usage:        4 bytes
 Hardware stack levels used:    1
 Hardware stack levels required when called:    1
 This function calls:
		_ili9341_write_command
		_ili9341_write_date
 This function is called by:
		_ili9341_drawchar
 This function uses a non-reentrant model


 *************** function _ili9341_write_command *****************
 Defined at:
		line 127 in file "Ili9341.c"
 Parameters:    Size  Location     Type
  cmd             1    wreg     unsigned char 
 Auto vars:     Size  Location     Type
  cmd             1    2[COMRAM] unsigned char 
 Return value:  Size  Location     Type
                  1    wreg      void 
 Registers used:
		wreg, status,2, status,0
 Tracked objects:
		On entry : 
		On exit  : 
		Unchanged: 
 Data sizes:     COMRAM   BANK0   BANK1   BANK2   BANK3   BANK4   BANK5   BANK6   BANK7
      Params:         0       0       0       0       0       0       0       0       0
      Locals:         1       0       0       0       0       0       0       0       0
      Temps:          2       0       0       0       0       0       0       0       0
      Totals:         3       0       0       0       0       0       0       0       0
Total ram usage:        3 bytes
 Hardware stack levels used:    1
 This function calls:
		Nothing
 This function is called by:
		_ili9341_init
		_ili9341_setadress
		_ili9341_setcursor
		_ili9341_setrotation
		_ili9341_setup_scrooll__area
		_ili9341_scrollAddress
 This function uses a non-reentrant model


 *************** function _ili9341_pushcolor *****************
 Defined at:
		line 280 in file "Ili9341.c"
 Parameters:    Size  Location     Type
  color           2    3[COMRAM] int 
 Auto vars:     Size  Location     Type
		None
 Return value:  Size  Location     Type
                  1    wreg      void 
 Registers used:
		wreg, status,2, status,0, cstack
 Tracked objects:
		On entry : 
		On exit  : 
		Unchanged: 
 Data sizes:     COMRAM   BANK0   BANK1   BANK2   BANK3   BANK4   BANK5   BANK6   BANK7
      Params:         2       0       0       0       0       0       0       0       0
      Locals:         0       0       0       0       0       0       0       0       0
      Temps:          0       0       0       0       0       0       0       0       0
      Totals:         2       0       0       0       0       0       0       0       0
Total ram usage:        2 bytes
 Hardware stack levels used:    1
 Hardware stack levels required when called:    1
 This function calls:
		_ili9341_write_date
 This function is called by:
		_ili9341_fill
		_ili9341_fillrect
		_ili9341_drawvline
		_ili9341_drawhline
		_ili9341_drawchar
		_ili9341_drawpixel
 This function uses a non-reentrant model


 *************** function _ili9341_write_date *****************
 Defined at:
		line 171 in file "Ili9341.c"
 Parameters:    Size  Location     Type
  date            1    wreg     unsigned char 
 Auto vars:     Size  Location     Type
  date            1    2[COMRAM] unsigned char 
 Return value:  Size  Location     Type
                  1    wreg      void 
 Registers used:
		wreg, status,2, status,0
 Tracked objects:
		On entry : 
		On exit  : 
		Unchanged: 
 Data sizes:     COMRAM   BANK0   BANK1   BANK2   BANK3   BANK4   BANK5   BANK6   BANK7
      Params:         0       0       0       0       0       0       0       0       0
      Locals:         1       0       0       0       0       0       0       0       0
      Temps:          2       0       0       0       0       0       0       0       0
      Totals:         3       0       0       0       0       0       0       0       0
Total ram usage:        3 bytes
 Hardware stack levels used:    1
 This function calls:
		Nothing
 This function is called by:
		_ili9341_init
		_ili9341_setadress
		_ili9341_pushcolor
		_ili9341_setcursor
		_ili9341_setrotation
		_ili9341_setup_scrooll__area
		_ili9341_scrollAddress
 This function uses a non-reentrant model


 *************** function ___wmul *****************
 Defined at:
		line 15 in file "C:\Program Files (x86)\Microchip\xc8\pic\sources\c99\common\Umul16.c"
 Parameters:    Size  Location     Type
  multiplier      2    0[COMRAM] unsigned int 
  multiplicand    2    2[COMRAM] unsigned int 
 Auto vars:     Size  Location     Type
  product         2    4[COMRAM] unsigned int 
 Return value:  Size  Location     Type
                  2    0[COMRAM] unsigned int 
 Registers used:
		wreg, status,2, status,0, prodl, prodh
 Tracked objects:
		On entry : 
		On exit  : 
		Unchanged: 
 Data sizes:     COMRAM   BANK0   BANK1   BANK2   BANK3   BANK4   BANK5   BANK6   BANK7
      Params:         4       0       0       0       0       0       0       0       0
      Locals:         2       0       0       0       0       0       0       0       0
      Temps:          0       0       0       0       0       0       0       0       0
      Totals:         6       0       0       0       0       0       0       0       0
Total ram usage:        6 bytes
 Hardware stack levels used:    1
 This function calls:
		Nothing
 This function is called by:
		_ili9341_drawchar
 This function uses a non-reentrant model



MODULE INFORMATION

Module		Function		Class		Link	Load	Size
C:\Program Files (x86)\Microchip\xc8\pic\sources\c99\common\Umul16.c
		___wmul        		CODE           	5B84	0000	39

C:\Program Files (x86)\Microchip\xc8\pic\sources\c99\common\Umul16.c estimated size: 39

Ili9341.c
		_ili9341_fill  		CODE           	5C56	0000	127
		_ili9341_init  		CODE           	6610	0000	635
		_ili9341_draw_string		CODE           	5E3E	0000	225
		_ili9341_drawchar		CODE           	6372	0000	321
		_ili9341_fillrect		CODE           	64B2	0000	351
		_ili9341_drawrect		CODE           	5CD4	0000	155
		_ili9341_drawhline		CODE           	612E	0000	291
		_ili9341_drawvline		CODE           	6250	0000	291
		_ili9341_pushcolor		CODE           	5B76	0000	15
		_ili9341_setadress		CODE           	5C12	0000	69
		_ili9341_setcursor		CODE           	5BAA	0000	51
		_ili9341_write_command		CODE           	6026	0000	265
		_ili9341_write_date		CODE           	5F1E	0000	265

Ili9341.c estimated size: 3061

Main.c
		_main          		CODE           	5D6E	0000	209

Main.c estimated size: 209

shared
		_font          		MEDIUMCONST    	75AB	0000	1767
		__initialization		CODE           	5BDC	0000	45
		_bigNumbers    		MEDIUMCONST    	688B	0000	3361
		_numbers       		MEDIUMCONST    	7C91	0000	841

shared estimated size: 6014

