Microchip MPLAB XC8 Compiler V2.20

Linker command line:

-W-3 --edf=C:\Program Files (x86)\Microchip\xc8\pic\dat\en_msgs.txt -cn \
  -h+dist/default/production\Probador_Inyectores_Pic16f886.X.production.sym \
  --cmf=dist/default/production\Probador_Inyectores_Pic16f886.X.production.cmf \
  -z -Q16F886 -oC:\Users\aguat\AppData\Local\Temp\s9t8.2 \
  --defsym=__MPLAB_BUILD=1 \
  -Mdist/default/production/Probador_Inyectores_Pic16f886.X.production.map \
  -E1 -ver=XC8 Compiler -ASTACK=0110h-016Fh -pstack=STACK \
  -ACODE=00h-07FFhx4 -ASTRCODE=00h-01FFFh -ASTRING=00h-0FFhx32 \
  -ACONST=00h-0FFhx32 -AENTRY=00h-0FFhx32 -ACOMMON=070h-07Fh \
  -ABANK0=020h-06Fh -ABANK1=0A0h-0EFh -ABANK2=0110h-016Fh \
  -ABANK3=0190h-01EFh -ARAM=020h-06Fh,0A0h-0EFh,0110h-016Fh,0190h-01EFh \
  -AABS1=020h-07Fh,0A0h-0EFh,0110h-016Fh,0190h-01EFh -ASFR0=00h-01Fh \
  -ASFR1=080h-09Fh -ASFR2=0100h-010Fh -ASFR3=0180h-018Fh \
  -ACONFIG=02007h-02008h -DCONFIG=2 -AIDLOC=02000h-02003h -DIDLOC=2 \
  -preset_vec=00h,intentry=04h,init,end_init -ppowerup=CODE -pcinit=CODE \
  -pfunctab=ENTRY -AEEDATA=00h-0FFh/02100h -peeprom_data=EEDATA -DEEDATA=2 \
  -DCODE=2 -DSTRCODE=2 -DSTRING=2 -DCONST=2 -DENTRY=2 -k \
  C:\Users\aguat\AppData\Local\Temp\s9t8.o \
  dist/default/production\Probador_Inyectores_Pic16f886.X.production.o 

Object code version is 3.11

Machine type is 16F886



                Name                               Link     Load   Length Selector   Space Scale
C:\Users\aguat\AppData\Local\Temp\s9t8.o
                end_init                             10       10        3        8       0
                reset_vec                             0        0        3        0       0
                config                             2007     2007        2        0       4
dist/default/production\Probador_Inyectores_Pic16f886.X.production.o
                cinit                                13       13       2F        8       0
                intentry                              4        4        C        8       0
                config                             2007     2007        2        0       4
                text56                             11E6     11E6       24     23CC       0
                text55                             13F3     13F3       3D     27E6       0
                text54                              B2F      B2F       96     165E       0
                text53                             120A     120A       24     2414       0
                text52                              E80      E80       BA     1D00       0
                text51                              A17      A17       8C     142E       0
                text50                             122E     122E       2A     245C       0
                text49                              D10      D10       B8     1A20       0
                text48                             1728     1728       6A     2E50       0
                text47                             1142     1142       18     2284       0
                text46                             1122     1122        F     2244       0
                text45                             1551     1551       5B     2AA2       0
                text44                             1258     1258       2B     24B0       0
                text43                             1607     1607       5C     2C0E       0
                text42                             1504     1504       4D     2A08       0
                text41                             1792     1792       6E     2F24       0
                text40                              7D8      7D8       25      C14       0
                text39                              DC8      DC8       B8     1B90       0
                text38                              705      705       D3      C14       0
                text37                              813      813       7D     1026       0
                text36                              60A      60A       FB      C14       0
                text35                             16C4     16C4       64     2D88       0
                text34                             1102     1102        9     2204       0
                text33                             110B     110B        9     2216       0
                text32                              98F      98F       88     131E       0
                text31                             1430     1430       3E     2860       0
                text30                             11C3     11C3       23     2386       0
                text29                              221      221      18C        8       0
                text28                              800      800       13     1000       0
                text27                             133F     133F       3C     267E       0
                text26                             137B     137B       3C     26F6       0
                text25                             130C     130C       33     2618       0
                text24                              AA3      AA3       8C     1546       0
                text23                             13B7     13B7       3C     276E       0
                text22                              4CA      4CA       34        8       0
                text21                             1114     1114        E     2228       0
                text20                               42       42      1DF        8       0
                text19                             146E     146E       4B     28DC       0
                text18                              F3A      F3A       C6     1E74       0
                text17                             10DD     10DD        4     21BA       0
                text16                             10E1     10E1        4     21C2       0
                text15                              90D      90D       82     121A       0
                text14                             115A     115A       18     22B4       0
                text13                              890      890       7D     1120       0
                text12                             11A5     11A5       1E     234A       0
                text11                             15AC     15AC       5B     2B58       0
                text10                              3AD      3AD      11D        8       0
                text9                              12AE     12AE       2D     255C       0
                text8                               C62      C62       AE     18C4       0
                text7                              14B9     14B9       4B     2972       0
                text6                               BC5      BC5       9D     178A       0
                text5                              1283     1283       2B     2506       0
                text4                              1663     1663       61     2CC6       0
                text3                              10EB     10EB        7     21D6       0
                text2                              1172     1172       19     22E4       0
                text1                              118B     118B       1A     2316       0
                maintext                           12DB     12DB       31     25B6       0
                cstackBANK0                          20       20       40       20       1
                cstackCOMMON                         70       70        6       70       1
                cstackBANK1                          BD       BD        B       A0       1
                clrtext                            10F2     10F2        8     21E4       0
                inittext                           1131     1131       11     2262       0
                dataBANK1                            C8       C8        8       A0       1
                bssBANK1                             A0       A0       1D       A0       1
                dataBANK0                            66       66        6       20       1
                bssBANK0                             60       60        6       20       1
                bssCOMMON                            76       76        4       70       1
                stringtext                          500      500      10A        A       0
                idataBANK1                         10FA     10FA        8     21F4       0
                idataBANK0                         10E5     10E5        6     21CA       0

TOTAL           Name                               Link     Load   Length     Space
        CLASS   STACK          

        CLASS   CODE           
                end_init                             10       10        3         0
                cinit                                13       13       2F         0
                intentry                              4        4        C         0
                reset_vec                             0        0        3         0
                text56                             11E6     11E6       24         0
                text55                             13F3     13F3       3D         0
                text54                              B2F      B2F       96         0
                text53                             120A     120A       24         0
                text52                              E80      E80       BA         0
                text51                              A17      A17       8C         0
                text50                             122E     122E       2A         0
                text49                              D10      D10       B8         0
                text48                             1728     1728       6A         0
                text47                             1142     1142       18         0
                text46                             1122     1122        F         0
                text45                             1551     1551       5B         0
                text44                             1258     1258       2B         0
                text43                             1607     1607       5C         0
                text42                             1504     1504       4D         0
                text41                             1792     1792       6E         0
                text40                              7D8      7D8       25         0
                text39                              DC8      DC8       B8         0
                text38                              705      705       D3         0
                text37                              813      813       7D         0
                text36                              60A      60A       FB         0
                text35                             16C4     16C4       64         0
                text34                             1102     1102        9         0
                text33                             110B     110B        9         0
                text32                              98F      98F       88         0
                text31                             1430     1430       3E         0
                text30                             11C3     11C3       23         0
                text29                              221      221      18C         0
                text28                              800      800       13         0
                text27                             133F     133F       3C         0
                text26                             137B     137B       3C         0
                text25                             130C     130C       33         0
                text24                              AA3      AA3       8C         0
                text23                             13B7     13B7       3C         0
                text22                              4CA      4CA       34         0
                text21                             1114     1114        E         0
                text20                               42       42      1DF         0
                text19                             146E     146E       4B         0
                text18                              F3A      F3A       C6         0
                text17                             10DD     10DD        4         0
                text16                             10E1     10E1        4         0
                text15                              90D      90D       82         0
                text14                             115A     115A       18         0
                text13                              890      890       7D         0
                text12                             11A5     11A5       1E         0
                text11                             15AC     15AC       5B         0
                text10                              3AD      3AD      11D         0
                text9                              12AE     12AE       2D         0
                text8                               C62      C62       AE         0
                text7                              14B9     14B9       4B         0
                text6                               BC5      BC5       9D         0
                text5                              1283     1283       2B         0
                text4                              1663     1663       61         0
                text3                              10EB     10EB        7         0
                text2                              1172     1172       19         0
                text1                              118B     118B       1A         0
                maintext                           12DB     12DB       31         0
                clrtext                            10F2     10F2        8         0
                inittext                           1131     1131       11         0
                idataBANK1                         10FA     10FA        8         0
                idataBANK0                         10E5     10E5        6         0

        CLASS   STRCODE        
                stringtext                          500      500      10A         0

        CLASS   STRING         

        CLASS   CONST          

        CLASS   ENTRY          

        CLASS   COMMON         
                cstackCOMMON                         70       70        6         1
                bssCOMMON                            76       76        4         1

        CLASS   BANK0          
                cstackBANK0                          20       20       40         1
                dataBANK0                            66       66        6         1
                bssBANK0                             60       60        6         1

        CLASS   BANK1          
                cstackBANK1                          BD       BD        B         1
                dataBANK1                            C8       C8        8         1
                bssBANK1                             A0       A0       1D         1

        CLASS   BANK2          

        CLASS   BANK3          

        CLASS   RAM            

        CLASS   ABS1           
                abs_s1                               7E       7E        2         1

        CLASS   SFR0           

        CLASS   SFR1           

        CLASS   SFR2           

        CLASS   SFR3           

        CLASS   CONFIG         
                config                             2007     2007        2         4

        CLASS   IDLOC          

        CLASS   EEDATA         



SEGMENTS        Name                           Load    Length   Top    Selector   Space  Class     Delta

                reset_vec                      000000  000003  000003         0       0  CODE        2
                intentry                       000004  0004FA  0004FE         8       0  CODE        2
                cstackBANK0                    000020  00004C  00006C        20       1  BANK0       1
                cstackCOMMON                   000070  00000A  00007A        70       1  COMMON      1
                bssBANK1                       0000A0  000030  0000D0        A0       1  BANK1       1
                stringtext                     000500  00010A  00060A         A       0  STRCODE     2
                text36                         00060A  0001F3  0007FD       C14       0  CODE        2
                text28                         000800  000013  000813      1000       0  CODE        2
                text37                         000813  00007D  000890      1026       0  CODE        2
                text13                         000890  00007D  00090D      1120       0  CODE        2
                text15                         00090D  000082  00098F      121A       0  CODE        2
                text32                         00098F  000088  000A17      131E       0  CODE        2
                text51                         000A17  00008C  000AA3      142E       0  CODE        2
                text24                         000AA3  00008C  000B2F      1546       0  CODE        2
                text54                         000B2F  000096  000BC5      165E       0  CODE        2
                text6                          000BC5  00009D  000C62      178A       0  CODE        2
                text8                          000C62  0000AE  000D10      18C4       0  CODE        2
                text49                         000D10  0000B8  000DC8      1A20       0  CODE        2
                text39                         000DC8  0000B8  000E80      1B90       0  CODE        2
                text52                         000E80  0000BA  000F3A      1D00       0  CODE        2
                text18                         000F3A  0000C6  001000      1E74       0  CODE        2
                text17                         0010DD  000004  0010E1      21BA       0  CODE        2
                text16                         0010E1  000004  0010E5      21C2       0  CODE        2
                idataBANK0                     0010E5  000006  0010EB      21CA       0  CODE        2
                text3                          0010EB  000007  0010F2      21D6       0  CODE        2
                clrtext                        0010F2  000008  0010FA      21E4       0  CODE        2
                idataBANK1                     0010FA  000008  001102      21F4       0  CODE        2
                text34                         001102  000009  00110B      2204       0  CODE        2
                text33                         00110B  000009  001114      2216       0  CODE        2
                text21                         001114  00000E  001122      2228       0  CODE        2
                text46                         001122  00000F  001131      2244       0  CODE        2
                inittext                       001131  000011  001142      2262       0  CODE        2
                text47                         001142  000018  00115A      2284       0  CODE        2
                text14                         00115A  000018  001172      22B4       0  CODE        2
                text2                          001172  000019  00118B      22E4       0  CODE        2
                text1                          00118B  00001A  0011A5      2316       0  CODE        2
                text12                         0011A5  00001E  0011C3      234A       0  CODE        2
                text30                         0011C3  000023  0011E6      2386       0  CODE        2
                text56                         0011E6  000024  00120A      23CC       0  CODE        2
                text53                         00120A  000024  00122E      2414       0  CODE        2
                text50                         00122E  00002A  001258      245C       0  CODE        2
                text44                         001258  00002B  001283      24B0       0  CODE        2
                text5                          001283  00002B  0012AE      2506       0  CODE        2
                text9                          0012AE  00002D  0012DB      255C       0  CODE        2
                maintext                       0012DB  000031  00130C      25B6       0  CODE        2
                text25                         00130C  000033  00133F      2618       0  CODE        2
                text27                         00133F  00003C  00137B      267E       0  CODE        2
                text26                         00137B  00003C  0013B7      26F6       0  CODE        2
                text23                         0013B7  00003C  0013F3      276E       0  CODE        2
                text55                         0013F3  00003D  001430      27E6       0  CODE        2
                text31                         001430  00003E  00146E      2860       0  CODE        2
                text19                         00146E  00004B  0014B9      28DC       0  CODE        2
                text7                          0014B9  00004B  001504      2972       0  CODE        2
                text42                         001504  00004D  001551      2A08       0  CODE        2
                text45                         001551  00005B  0015AC      2AA2       0  CODE        2
                text11                         0015AC  00005B  001607      2B58       0  CODE        2
                text43                         001607  00005C  001663      2C0E       0  CODE        2
                text4                          001663  000061  0016C4      2CC6       0  CODE        2
                text35                         0016C4  000064  001728      2D88       0  CODE        2
                text48                         001728  00006A  001792      2E50       0  CODE        2
                text41                         001792  00006E  001800      2F24       0  CODE        2


UNUSED ADDRESS RANGES

        Name                Unused          Largest block    Delta
        BANK0            006C-006F              4           1
        BANK1            00D0-00EF             20           1
        BANK2            0110-016F             60           1
        BANK3            0190-01EF             60           1
        CODE             0003-0003              1           2
                         04FE-04FF              2
                         07FD-07FF              3
                         1000-10DC             DD
                         1800-1FFF            800
        COMMON           007A-007D              4           1
        CONST            0003-0003              1           2
                         04FE-04FF              2
                         07FD-07FF              3
                         1000-10DC             DD
                         1800-1FFF            100
        EEDATA           2100-21FF            100           2
        ENTRY            0003-0003              1           2
                         04FE-04FF              2
                         07FD-07FF              3
                         1000-10DC             DD
                         1800-1FFF            100
        IDLOC            2000-2003              4           2
        RAM              006C-006F              4           1
                         00D0-00EF             20
                         0110-016F             60
                         0190-01EF             60
        SFR0             0000-001F             20           1
        SFR1             0080-009F             20           1
        SFR2             0100-010F             10           1
        SFR3             0180-018F             10           1
        STACK            0110-016F             60           1
        STRCODE          0003-0003              1           2
                         04FE-04FF              2
                         07FD-07FF              3
                         1000-10DC             DD
                         1800-1FFF            800
        STRING           0003-0003              1           2
                         04FE-04FF              2
                         07FD-07FF              3
                         1000-10DC             DD
                         1800-1FFF            100

                                  Symbol Table

?_Adc                              cstackCOMMON 0074
?___awtoft                         cstackBANK0  0028
?___ftdiv                          cstackBANK0  003B
?___ftmul                          cstackBANK0  002C
?___ftpack                         cstackBANK0  0020
?___fttol                          cstackBANK0  004A
?___lbtoft                         cstackBANK0  0028
?___lwdiv                          cstackBANK0  0020
?___lwmod                          cstackBANK0  0027
?___lwtoft                         cstackBANK0  0028
?___wmul                           cstackBANK0  0027
?_sprintf                          cstackBANK0  002B
Adc@channel                        cstackBANK0  0022
Adc@convertion                     cstackBANK0  0023
Adc_Rpm_Read@cent                  cstackBANK1  00C0
Adc_Rpm_Read@dec_m                 cstackBANK1  00C4
Adc_Rpm_Read@uni_m                 cstackBANK1  00C2
Adc_Rpm_Read@valor                 cstackBANK1  00C6
Detener@i                          cstackBANK0  002C
Fin_Proceso@i                      cstackBANK0  002C
ISR@f_pwmS1                        cstackCOMMON 0073
LCD_array@date                     cstackBANK0  0025
LCD_array@x                        cstackBANK0  0021
LCD_array@y                        cstackBANK0  0023
LCD_character@adress               cstackBANK0  0023
LCD_character@caracter             cstackBANK0  0021
LCD_character@i                    cstackBANK0  0024
LCD_command@cmd                    cstackBANK0  0020
LCD_date@date                      cstackBANK0  0020
LCD_init@i                         cstackBANK0  0023
LCD_xy@x                           cstackBANK0  0021
LCD_xy@y                           cstackBANK0  0023
Pant_Inicio@F1334                  dataBANK1    00C8
Pant_Inicio@caracter               cstackBANK0  0035
Pant_Inicio@caracter1              cstackBANK0  002D
Pant_Temporizador@buffer           cstackBANK0  003E
Pant_Val_Act@buffer                cstackBANK0  003E
Pwm1@duty                          cstackBANK0  0057
Pwm1_init@frecuencia               cstackBANK0  0057
_ADCON0                            (abs)        001F
_ADCON0bits                        (abs)        001F
_ADCON1bits                        (abs)        009F
_ADRESH                            (abs)        001E
_ADRESL                            (abs)        009E
_ANSELHbits                        (abs)        0189
_ANSELbits                         (abs)        0188
_Act_PwmS1                         bssBANK1     00BC
_Act_Variables                     bssBANK1     00B9
_Adc                               text42       1504
_Adc_Min_Read                      text36       060A
_Adc_Min_Read$1525                 cstackBANK0  0057
_Adc_Pwm_Read                      text32       098F
_Adc_Pwm_Read$1524                 cstackBANK0  0057
_Adc_Rpm_Read                      text29       0221
_Adc_Rpm_Read$1523                 cstackBANK1  00BD
_Adc_Temp_Read                     text35       16C4
_Adc_Temp_Read$1526                cstackBANK0  0057
_Adc_init                          text53       120A
_Antirrebote                       text50       122E
_Delay100ms                        dataBANK0    006A
_Delay1s                           dataBANK0    0066
_Delay200ms                        dataBANK0    0068
_Detener                           text45       1551
_Estado_Actual                     bssBANK0     0062
_Fin_Proceso                       text43       1607
_GIE                               (abs)        005F
_ISR                               text54       0B2F
_LCD_array                         text48       1728
_LCD_character                     text9        12AE
_LCD_command                       text52       0E80
_LCD_date                          text49       0D10
_LCD_init                          text51       0A17
_LCD_xy                            text25       130C
_Lec_Adc_Modo_Flujo                text34       1102
_Lec_Adc_Modo_Fuga                 text33       110B
_Lec_Adc_Modo_Pulv                 text28       0800
_MEF_Actualizacion                 text4        1663
_MEF_Init                          text3        10EB
_MEF_Subest_Actualizacion          text10       03AD
_Min                               bssCOMMON    0079
_Modo                              bssBANK0     0065
_Mostrar                           bssBANK1     00BA
_Output                            bssCOMMON    0077
_PEIE                              (abs)        005E
_PER_T_S1                          bssBANK1     00B0
_PORTA                             (abs)        0005
_PORTAbits                         (abs)        0005
_PORTB                             (abs)        0006
_PORTBbits                         (abs)        0006
_PORTC                             (abs)        0007
_PORTCbits                         (abs)        0007
_P_W_T_S1                          bssBANK1     00B2
_Pant_Detener                      text47       1142
_Pant_Flujo                        text27       133F
_Pant_Fuga                         text26       137B
_Pant_Inicio                       text8        0C62
_Pant_Menu                         text7        14B9
_Pant_Modos                        text24       0AA3
_Pant_Pulverizacion                text23       13B7
_Pant_Selector                     text6        0BC5
_Pant_Temporizador                 text19       146E
_Pant_Val_Act                      text18       0F3A
_Per_PwmS1                         bssBANK1     00AB
_Pines_Init                        text2        1172
_Proceso_Fin                       text44       1258
_Pw_PwmS1                          bssBANK1     00A8
_Pwm                               bssBANK0     0064
_Pwm1                              text15       090D
_Pwm1_init                         text13       0890
_Pwm1_stop                         text46       1122
_PwmS1                             bssBANK0     0060
_Pwm_Seteado                       bssBANK1     00B7
_Pwm_Signal                        text56       11E6
_Pwm_init                          text1        118B
_RB4                               (abs)        0034
_Reset                             bssCOMMON    0076
_Rpm                               bssBANK1     00AE
_Salida_Modo_Flujo                 text17       10DD
_Salida_Modo_Fuga                  text16       10E1
_Salida_Modo_Pulv                  text11       15AC
_Salida_Modo_Pulv$1522             cstackBANK0  005A
_Seg                               bssCOMMON    0078
_Select_Modo                       text5        1283
_Subestado_Actual                  bssBANK1     00B6
_T1CONbits                         (abs)        0010
_TMR1                              (abs)        000E
_TMR1IE                            (abs)        0460
_TMR1IF                            (abs)        0060
_TMR1ON                            (abs)        0080
_TRISAbits                         (abs)        0085
_TRISB                             (abs)        0086
_TRISB4                            (abs)        0434
_TRISBbits                         (abs)        0086
_TRISC                             (abs)        0087
_TRISCbits                         (abs)        0087
_Task_Ready                        text55       13F3
_Temp                              bssBANK1     00BB
_Temporizador                      bssBANK1     00B8
_WDTCONbits                        (abs)        0105
__Habs1                            abs1         0000
__Hbank0                           bank0        0000
__Hbank1                           bank1        0000
__Hbank2                           bank2        0000
__Hbank3                           bank3        0000
__HbssBANK0                        bssBANK0     0000
__HbssBANK1                        bssBANK1     0000
__HbssCOMMON                       bssCOMMON    0000
__Hcinit                           cinit        0042
__Hclrtext                         clrtext      0000
__Hcode                            code         0000
__Hcommon                          common       0000
__Hconfig                          config       2009
__HcstackBANK0                     cstackBANK0  0000
__HcstackBANK1                     cstackBANK1  0000
__HcstackCOMMON                    cstackCOMMON 0000
__HdataBANK0                       dataBANK0    0000
__HdataBANK1                       dataBANK1    0000
__Heeprom_data                     eeprom_data  0000
__Hend_init                        end_init     0013
__Hfunctab                         functab      0000
__HidataBANK0                      idataBANK0   0000
__HidataBANK1                      idataBANK1   0000
__Hinit                            init         0010
__Hinittext                        inittext     0000
__Hintentry                        intentry     0010
__Hmaintext                        maintext     0000
__Hpowerup                         powerup      0000
__Hram                             ram          0000
__Hreset_vec                       reset_vec    0003
__Hsfr0                            sfr0         0000
__Hsfr1                            sfr1         0000
__Hsfr2                            sfr2         0000
__Hsfr3                            sfr3         0000
__Hspace_0                         (abs)        1800
__Hspace_1                         (abs)        00D0
__Hspace_2                         (abs)        0000
__Hspace_3                         (abs)        0000
__Hspace_4                         (abs)        4010
__Hstack                           stack        0000
__Hstrings                         strings      0000
__Hstringtext                      stringtext   0000
__Htext                            text         0000
__Labs1                            abs1         0000
__Lbank0                           bank0        0000
__Lbank1                           bank1        0000
__Lbank2                           bank2        0000
__Lbank3                           bank3        0000
__LbssBANK0                        bssBANK0     0000
__LbssBANK1                        bssBANK1     0000
__LbssCOMMON                       bssCOMMON    0000
__Lcinit                           cinit        0013
__Lclrtext                         clrtext      0000
__Lcode                            code         0000
__Lcommon                          common       0000
__Lconfig                          config       0000
__LcstackBANK0                     cstackBANK0  0000
__LcstackBANK1                     cstackBANK1  0000
__LcstackCOMMON                    cstackCOMMON 0000
__LdataBANK0                       dataBANK0    0000
__LdataBANK1                       dataBANK1    0000
__Leeprom_data                     eeprom_data  0000
__Lend_init                        end_init     0010
__Lfunctab                         functab      0000
__LidataBANK0                      idataBANK0   0000
__LidataBANK1                      idataBANK1   0000
__Linit                            init         0010
__Linittext                        inittext     0000
__Lintentry                        intentry     0004
__Lmaintext                        maintext     0000
__Lpowerup                         powerup      0000
__Lram                             ram          0000
__Lreset_vec                       reset_vec    0000
__Lsfr0                            sfr0         0000
__Lsfr1                            sfr1         0000
__Lsfr2                            sfr2         0000
__Lsfr3                            sfr3         0000
__Lspace_0                         (abs)        0000
__Lspace_1                         (abs)        0000
__Lspace_2                         (abs)        0000
__Lspace_3                         (abs)        0000
__Lspace_4                         (abs)        0000
__Lstack                           stack        0000
__Lstrings                         strings      0000
__Lstringtext                      stringtext   0000
__Ltext                            text         0000
__S0                               (abs)        1800
__S1                               (abs)        00D0
__S2                               (abs)        0000
__S3                               (abs)        0000
___awtoft                          text40       07D8
___awtoft@c                        cstackBANK0  0028
___awtoft@sign                     cstackBANK0  002B
___ftdiv                           text39       0DC8
___ftdiv@cntr                      cstackBANK0  0044
___ftdiv@exp                       cstackBANK0  0048
___ftdiv@f1                        cstackBANK0  003E
___ftdiv@f2                        cstackBANK0  003B
___ftdiv@f3                        cstackBANK0  0045
___ftdiv@sign                      cstackBANK0  0049
___ftmul                           text38       0705
___ftmul@cntr                      cstackBANK0  0039
___ftmul@exp                       cstackBANK0  0035
___ftmul@f1                        cstackBANK0  002C
___ftmul@f2                        cstackBANK0  002F
___ftmul@f3_as_product             cstackBANK0  0036
___ftmul@sign                      cstackBANK0  003A
___ftpack                          text41       1792
___ftpack@arg                      cstackBANK0  0020
___ftpack@exp                      cstackBANK0  0023
___ftpack@sign                     cstackBANK0  0024
___fttol                           text37       0813
___fttol@exp1                      cstackBANK0  0056
___fttol@f1                        cstackBANK0  004A
___fttol@lval                      cstackBANK0  0052
___fttol@sign1                     cstackBANK0  0051
___int_sp                          stack        0000
___latbits                         (abs)        0002
___lbtoft                          text12       11A5
___lbtoft@c                        cstackCOMMON 0074
___lwdiv                           text31       1430
___lwdiv@counter                   cstackBANK0  0024
___lwdiv@dividend                  cstackBANK0  0022
___lwdiv@divisor                   cstackBANK0  0020
___lwdiv@quotient                  cstackBANK0  0025
___lwmod                           text22       04CA
___lwmod@counter                   cstackCOMMON 0074
___lwmod@dividend                  cstackBANK0  0029
___lwmod@divisor                   cstackBANK0  0027
___lwtoft                          text14       115A
___lwtoft@c                        cstackBANK0  0028
___sp                              stack        0000
___stackhi                         (abs)        0000
___stacklo                         (abs)        0000
___wmul                            text30       11C3
___wmul@multiplicand               cstackBANK0  0029
___wmul@multiplier                 cstackBANK0  0027
___wmul@product                    cstackCOMMON 0074
__end_of_Adc                       text42       1551
__end_of_Adc_Min_Read              text36       0705
__end_of_Adc_Pwm_Read              text32       0A17
__end_of_Adc_Rpm_Read              text29       03AD
__end_of_Adc_Temp_Read             text35       1728
__end_of_Adc_init                  text53       122E
__end_of_Antirrebote               text50       1258
__end_of_Detener                   text45       15AC
__end_of_Fin_Proceso               text43       1663
__end_of_ISR                       text54       0BC5
__end_of_LCD_array                 text48       1792
__end_of_LCD_character             text9        12DB
__end_of_LCD_command               text52       0F3A
__end_of_LCD_date                  text49       0DC8
__end_of_LCD_init                  text51       0AA3
__end_of_LCD_xy                    text25       133F
__end_of_Lec_Adc_Modo_Flujo        text34       110B
__end_of_Lec_Adc_Modo_Fuga         text33       1114
__end_of_Lec_Adc_Modo_Pulv         text28       0813
__end_of_MEF_Actualizacion         text4        16C4
__end_of_MEF_Init                  text3        10F2
__end_of_MEF_Subest_Actualizacion  text10       04CA
__end_of_Pant_Detener              text47       115A
__end_of_Pant_Flujo                text27       137B
__end_of_Pant_Fuga                 text26       13B7
__end_of_Pant_Inicio               text8        0D10
__end_of_Pant_Menu                 text7        1504
__end_of_Pant_Modos                text24       0B2F
__end_of_Pant_Pulverizacion        text23       13F3
__end_of_Pant_Selector             text6        0C62
__end_of_Pant_Temporizador         text19       14B9
__end_of_Pant_Val_Act              text18       1000
__end_of_Pines_Init                text2        118B
__end_of_Proceso_Fin               text44       1283
__end_of_Pwm1                      text15       098F
__end_of_Pwm1_init                 text13       090D
__end_of_Pwm1_stop                 text46       1131
__end_of_Pwm_Signal                text56       120A
__end_of_Pwm_init                  text1        11A5
__end_of_Salida_Modo_Flujo         text17       10E1
__end_of_Salida_Modo_Fuga          text16       10E5
__end_of_Salida_Modo_Pulv          text11       1607
__end_of_Select_Modo               text5        12AE
__end_of_Task_Ready                text55       1430
__end_of___awtoft                  text40       07FD
__end_of___ftdiv                   text39       0E80
__end_of___ftmul                   text38       07D8
__end_of___ftpack                  text41       1800
__end_of___fttol                   text37       0890
__end_of___lbtoft                  text12       11C3
__end_of___lwdiv                   text31       146E
__end_of___lwmod                   text22       04FE
__end_of___lwtoft                  text14       1172
__end_of___wmul                    text30       11E6
__end_of__initialization           cinit        003E
__end_of__stringtab                stringtext   0512
__end_of_dpowers                   stringtext   051C
__end_of_isdigit                   text21       1122
__end_of_main                      maintext     130C
__end_of_sprintf                   text20       0221
__initialization                   cinit        0013
__pbssBANK0                        bssBANK0     0060
__pbssBANK1                        bssBANK1     00A0
__pbssCOMMON                       bssCOMMON    0076
__pcstackBANK0                     cstackBANK0  0020
__pcstackBANK1                     cstackBANK1  00BD
__pcstackCOMMON                    cstackCOMMON 0070
__pdataBANK0                       dataBANK0    0066
__pdataBANK1                       dataBANK1    00C8
__pidataBANK0                      idataBANK0   10E5
__pidataBANK1                      idataBANK1   10FA
__pintentry                        intentry     0004
__pmaintext                        maintext     12DB
__pstringtext                      stringtext   0500
__ptext1                           text1        118B
__ptext10                          text10       03AD
__ptext11                          text11       15AC
__ptext12                          text12       11A5
__ptext13                          text13       0890
__ptext14                          text14       115A
__ptext15                          text15       090D
__ptext16                          text16       10E1
__ptext17                          text17       10DD
__ptext18                          text18       0F3A
__ptext19                          text19       146E
__ptext2                           text2        1172
__ptext20                          text20       0042
__ptext21                          text21       1114
__ptext22                          text22       04CA
__ptext23                          text23       13B7
__ptext24                          text24       0AA3
__ptext25                          text25       130C
__ptext26                          text26       137B
__ptext27                          text27       133F
__ptext28                          text28       0800
__ptext29                          text29       0221
__ptext3                           text3        10EB
__ptext30                          text30       11C3
__ptext31                          text31       1430
__ptext32                          text32       098F
__ptext33                          text33       110B
__ptext34                          text34       1102
__ptext35                          text35       16C4
__ptext36                          text36       060A
__ptext37                          text37       0813
__ptext38                          text38       0705
__ptext39                          text39       0DC8
__ptext4                           text4        1663
__ptext40                          text40       07D8
__ptext41                          text41       1792
__ptext42                          text42       1504
__ptext43                          text43       1607
__ptext44                          text44       1258
__ptext45                          text45       1551
__ptext46                          text46       1122
__ptext47                          text47       1142
__ptext48                          text48       1728
__ptext49                          text49       0D10
__ptext5                           text5        1283
__ptext50                          text50       122E
__ptext51                          text51       0A17
__ptext52                          text52       0E80
__ptext53                          text53       120A
__ptext54                          text54       0B2F
__ptext55                          text55       13F3
__ptext56                          text56       11E6
__ptext6                           text6        0BC5
__ptext7                           text7        14B9
__ptext8                           text8        0C62
__ptext9                           text9        12AE
__size_of_Adc                      (abs)        0000
__size_of_Adc_Min_Read             (abs)        0000
__size_of_Adc_Pwm_Read             (abs)        0000
__size_of_Adc_Rpm_Read             (abs)        0000
__size_of_Adc_Temp_Read            (abs)        0000
__size_of_Adc_init                 (abs)        0000
__size_of_Antirrebote              (abs)        0000
__size_of_Detener                  (abs)        0000
__size_of_Fin_Proceso              (abs)        0000
__size_of_ISR                      (abs)        0000
__size_of_LCD_array                (abs)        0000
__size_of_LCD_character            (abs)        0000
__size_of_LCD_command              (abs)        0000
__size_of_LCD_date                 (abs)        0000
__size_of_LCD_init                 (abs)        0000
__size_of_LCD_xy                   (abs)        0000
__size_of_Lec_Adc_Modo_Flujo       (abs)        0000
__size_of_Lec_Adc_Modo_Fuga        (abs)        0000
__size_of_Lec_Adc_Modo_Pulv        (abs)        0000
__size_of_MEF_Actualizacion        (abs)        0000
__size_of_MEF_Init                 (abs)        0000
__size_of_MEF_Subest_Actualizacion (abs)        0000
__size_of_Pant_Detener             (abs)        0000
__size_of_Pant_Flujo               (abs)        0000
__size_of_Pant_Fuga                (abs)        0000
__size_of_Pant_Inicio              (abs)        0000
__size_of_Pant_Menu                (abs)        0000
__size_of_Pant_Modos               (abs)        0000
__size_of_Pant_Pulverizacion       (abs)        0000
__size_of_Pant_Selector            (abs)        0000
__size_of_Pant_Temporizador        (abs)        0000
__size_of_Pant_Val_Act             (abs)        0000
__size_of_Pines_Init               (abs)        0000
__size_of_Proceso_Fin              (abs)        0000
__size_of_Pwm1                     (abs)        0000
__size_of_Pwm1_init                (abs)        0000
__size_of_Pwm1_stop                (abs)        0000
__size_of_Pwm_Signal               (abs)        0000
__size_of_Pwm_init                 (abs)        0000
__size_of_Salida_Modo_Flujo        (abs)        0000
__size_of_Salida_Modo_Fuga         (abs)        0000
__size_of_Salida_Modo_Pulv         (abs)        0000
__size_of_Select_Modo              (abs)        0000
__size_of_Task_Ready               (abs)        0000
__size_of___awtoft                 (abs)        0000
__size_of___ftdiv                  (abs)        0000
__size_of___ftmul                  (abs)        0000
__size_of___ftpack                 (abs)        0000
__size_of___fttol                  (abs)        0000
__size_of___lbtoft                 (abs)        0000
__size_of___lwdiv                  (abs)        0000
__size_of___lwmod                  (abs)        0000
__size_of___lwtoft                 (abs)        0000
__size_of___wmul                   (abs)        0000
__size_of_isdigit                  (abs)        0000
__size_of_main                     (abs)        0000
__size_of_sprintf                  (abs)        0000
__stringbase                       stringtext   0512
__stringtab                        stringtext   0500
_dpowers                           stringtext   0512
_freqPwmS1                         bssBANK1     00B4
_isdigit                           text21       1114
_isdigit$1337                      cstackCOMMON 0074
_main                              maintext     12DB
_mod_tiempo                        bssBANK0     0063
_sprintf                           text20       0042
btemp                              (abs)        007E
clear_ram0                         clrtext      10F2
end_of_initialization              cinit        003E
init_fetch0                        inittext     1131
init_ram0                          inittext     1135
interrupt_function                 intentry     0004
intlevel0                          functab      0000
intlevel1                          functab      0000
intlevel2                          functab      0000
intlevel3                          functab      0000
intlevel4                          functab      0000
intlevel5                          functab      0000
isdigit@c                          cstackCOMMON 0075
reset_vec                          reset_vec    0000
saved_w                            (abs)        007E
sprintf@ap                         cstackBANK0  0034
sprintf@c                          cstackBANK0  003A
sprintf@f                          cstackBANK0  002B
sprintf@flag                       cstackBANK0  0037
sprintf@prec                       cstackBANK0  0033
sprintf@sp                         cstackBANK0  003B
sprintf@val                        cstackBANK0  0035
sprintf@width                      cstackBANK0  0038
start                              init         0010
start_initialization               cinit        0013
wtemp0                             (abs)        007E


FUNCTION INFORMATION:

 *************** function _main *****************
 Defined at:
		line 33 in file "Main.c"
 Parameters:    Size  Location     Type
		None
 Auto vars:     Size  Location     Type
		None
 Return value:  Size  Location     Type
                  1    wreg      void 
 Registers used:
		wreg, fsr0l, fsr0h, status,2, status,0, btemp+1, pclath, cstack
 Tracked objects:
		On entry : 
		On exit  : 
		Unchanged: 
 Data sizes:     COMMON   BANK0   BANK1   BANK3   BANK2
      Params:         0       0       0       0       0
      Locals:         0       0       0       0       0
      Temps:          0       0       0       0       0
      Totals:         0       0       0       0       0
Total ram usage:        0 bytes
 Hardware stack levels required when called:    8
 This function calls:
		_Adc_init
		_LCD_init
		_MEF_Actualizacion
		_MEF_Init
		_Pines_Init
		_Pwm1_stop
		_Pwm_init
 This function is called by:
		Startup code after reset
 This function uses a non-reentrant model


 *************** function _Pwm_init *****************
 Defined at:
		line 5 in file "Pwm_Soft.c"
 Parameters:    Size  Location     Type
		None
 Auto vars:     Size  Location     Type
		None
 Return value:  Size  Location     Type
                  1    wreg      void 
 Registers used:
		wreg, status,2, status,0
 Tracked objects:
		On entry : 
		On exit  : 
		Unchanged: 
 Data sizes:     COMMON   BANK0   BANK1   BANK3   BANK2
      Params:         0       0       0       0       0
      Locals:         0       0       0       0       0
      Temps:          0       0       0       0       0
      Totals:         0       0       0       0       0
Total ram usage:        0 bytes
 Hardware stack levels used:    1
 Hardware stack levels required when called:    2
 This function calls:
		Nothing
 This function is called by:
		_main
 This function uses a non-reentrant model


 *************** function _Pines_Init *****************
 Defined at:
		line 56 in file "Main.c"
 Parameters:    Size  Location     Type
		None
 Auto vars:     Size  Location     Type
		None
 Return value:  Size  Location     Type
                  1    wreg      void 
 Registers used:
		wreg, status,2
 Tracked objects:
		On entry : 
		On exit  : 
		Unchanged: 
 Data sizes:     COMMON   BANK0   BANK1   BANK3   BANK2
      Params:         0       0       0       0       0
      Locals:         0       0       0       0       0
      Temps:          0       0       0       0       0
      Totals:         0       0       0       0       0
Total ram usage:        0 bytes
 Hardware stack levels used:    1
 Hardware stack levels required when called:    2
 This function calls:
		Nothing
 This function is called by:
		_main
 This function uses a non-reentrant model


 *************** function _MEF_Init *****************
 Defined at:
		line 40 in file "MEF.c"
 Parameters:    Size  Location     Type
		None
 Auto vars:     Size  Location     Type
		None
 Return value:  Size  Location     Type
                  1    wreg      void 
 Registers used:
		status,2
 Tracked objects:
		On entry : 
		On exit  : 
		Unchanged: 
 Data sizes:     COMMON   BANK0   BANK1   BANK3   BANK2
      Params:         0       0       0       0       0
      Locals:         0       0       0       0       0
      Temps:          0       0       0       0       0
      Totals:         0       0       0       0       0
Total ram usage:        0 bytes
 Hardware stack levels used:    1
 Hardware stack levels required when called:    2
 This function calls:
		Nothing
 This function is called by:
		_main
 This function uses a non-reentrant model


 *************** function _MEF_Actualizacion *****************
 Defined at:
		line 48 in file "MEF.c"
 Parameters:    Size  Location     Type
		None
 Auto vars:     Size  Location     Type
		None
 Return value:  Size  Location     Type
                  1    wreg      void 
 Registers used:
		wreg, fsr0l, fsr0h, status,2, status,0, btemp+1, pclath, cstack
 Tracked objects:
		On entry : 
		On exit  : 
		Unchanged: 
 Data sizes:     COMMON   BANK0   BANK1   BANK3   BANK2
      Params:         0       0       0       0       0
      Locals:         0       0       0       0       0
      Temps:          0       2       0       0       0
      Totals:         0       2       0       0       0
Total ram usage:        2 bytes
 Hardware stack levels used:    1
 Hardware stack levels required when called:    7
 This function calls:
		_Antirrebote
		_MEF_Subest_Actualizacion
		_Pant_Inicio
		_Select_Modo
 This function is called by:
		_main
 This function uses a non-reentrant model


 *************** function _Select_Modo *****************
 Defined at:
		line 14 in file "Menu_Modo.c"
 Parameters:    Size  Location     Type
		None
 Auto vars:     Size  Location     Type
		None
 Return value:  Size  Location     Type
                  1    wreg      void 
 Registers used:
		wreg, fsr0l, fsr0h, status,2, status,0, btemp+1, pclath, cstack
 Tracked objects:
		On entry : 
		On exit  : 
		Unchanged: 
 Data sizes:     COMMON   BANK0   BANK1   BANK3   BANK2
      Params:         0       0       0       0       0
      Locals:         0       0       0       0       0
      Temps:          0       0       0       0       0
      Totals:         0       0       0       0       0
Total ram usage:        0 bytes
 Hardware stack levels used:    1
 Hardware stack levels required when called:    5
 This function calls:
		_Antirrebote
		_Pant_Menu
		_Pant_Selector
 This function is called by:
		_MEF_Actualizacion
 This function uses a non-reentrant model


 *************** function _Pant_Selector *****************
 Defined at:
		line 44 in file "Display_Lcd.c"
 Parameters:    Size  Location     Type
		None
 Auto vars:     Size  Location     Type
		None
 Return value:  Size  Location     Type
                  1    wreg      void 
 Registers used:
		wreg, fsr0l, fsr0h, status,2, status,0, btemp+1, pclath, cstack
 Tracked objects:
		On entry : 
		On exit  : 
		Unchanged: 
 Data sizes:     COMMON   BANK0   BANK1   BANK3   BANK2
      Params:         0       0       0       0       0
      Locals:         0       0       0       0       0
      Temps:          0       0       0       0       0
      Totals:         0       0       0       0       0
Total ram usage:        0 bytes
 Hardware stack levels used:    1
 Hardware stack levels required when called:    4
 This function calls:
		_LCD_array
 This function is called by:
		_Select_Modo
 This function uses a non-reentrant model


 *************** function _Pant_Menu *****************
 Defined at:
		line 54 in file "Display_Lcd.c"
 Parameters:    Size  Location     Type
		None
 Auto vars:     Size  Location     Type
		None
 Return value:  Size  Location     Type
                  1    wreg      void 
 Registers used:
		wreg, fsr0l, fsr0h, status,2, status,0, btemp+1, pclath, cstack
 Tracked objects:
		On entry : 
		On exit  : 
		Unchanged: 
 Data sizes:     COMMON   BANK0   BANK1   BANK3   BANK2
      Params:         0       0       0       0       0
      Locals:         0       0       0       0       0
      Temps:          0       0       0       0       0
      Totals:         0       0       0       0       0
Total ram usage:        0 bytes
 Hardware stack levels used:    1
 Hardware stack levels required when called:    4
 This function calls:
		_LCD_array
 This function is called by:
		_Select_Modo
 This function uses a non-reentrant model


 *************** function _Pant_Inicio *****************
 Defined at:
		line 8 in file "Display_Lcd.c"
 Parameters:    Size  Location     Type
		None
 Auto vars:     Size  Location     Type
  caracter        8   21[BANK0 ] unsigned char [8]
  caracter1       8   13[BANK0 ] unsigned char [8]
 Return value:  Size  Location     Type
                  1    wreg      void 
 Registers used:
		wreg, fsr0l, fsr0h, status,2, status,0, btemp+1, pclath, cstack
 Tracked objects:
		On entry : 
		On exit  : 
		Unchanged: 
 Data sizes:     COMMON   BANK0   BANK1   BANK3   BANK2
      Params:         0       0       0       0       0
      Locals:         0      16       0       0       0
      Temps:          0       4       0       0       0
      Totals:         0      20       0       0       0
Total ram usage:       20 bytes
 Hardware stack levels used:    1
 Hardware stack levels required when called:    4
 This function calls:
		_LCD_array
		_LCD_character
		_LCD_command
 This function is called by:
		_MEF_Actualizacion
 This function uses a non-reentrant model


 *************** function _LCD_character *****************
 Defined at:
		line 197 in file "Lcd.c"
 Parameters:    Size  Location     Type
  adress          1    wreg     unsigned char 
  caracter        1    1[BANK0 ] PTR unsigned char 
		 -> Pant_Inicio@caracter(8), Pant_Inicio@caracter1(8), 
 Auto vars:     Size  Location     Type
  adress          1    3[BANK0 ] unsigned char 
  i               1    4[BANK0 ] unsigned char 
 Return value:  Size  Location     Type
                  1    wreg      void 
 Registers used:
		wreg, fsr0l, fsr0h, status,2, status,0, btemp+1, pclath, cstack
 Tracked objects:
		On entry : 
		On exit  : 
		Unchanged: 
 Data sizes:     COMMON   BANK0   BANK1   BANK3   BANK2
      Params:         0       1       0       0       0
      Locals:         0       2       0       0       0
      Temps:          0       1       0       0       0
      Totals:         0       4       0       0       0
Total ram usage:        4 bytes
 Hardware stack levels used:    1
 Hardware stack levels required when called:    3
 This function calls:
		_LCD_command
		_LCD_date
 This function is called by:
		_Pant_Inicio
 This function uses a non-reentrant model


 *************** function _MEF_Subest_Actualizacion *****************
 Defined at:
		line 102 in file "MEF.c"
 Parameters:    Size  Location     Type
		None
 Auto vars:     Size  Location     Type
		None
 Return value:  Size  Location     Type
                  1    wreg      void 
 Registers used:
		wreg, fsr0l, fsr0h, status,2, status,0, btemp+1, pclath, cstack
 Tracked objects:
		On entry : 
		On exit  : 
		Unchanged: 
 Data sizes:     COMMON   BANK0   BANK1   BANK3   BANK2
      Params:         0       0       0       0       0
      Locals:         0       0       0       0       0
      Temps:          0       2       0       0       0
      Totals:         0       2       0       0       0
Total ram usage:        2 bytes
 Hardware stack levels used:    1
 Hardware stack levels required when called:    6
 This function calls:
		_Antirrebote
		_Detener
		_Fin_Proceso
		_LCD_command
		_Lec_Adc_Modo_Flujo
		_Lec_Adc_Modo_Fuga
		_Lec_Adc_Modo_Pulv
		_Pant_Flujo
		_Pant_Fuga
		_Pant_Modos
		_Pant_Pulverizacion
		_Pant_Temporizador
		_Pant_Val_Act
		_Salida_Modo_Flujo
		_Salida_Modo_Fuga
		_Salida_Modo_Pulv
 This function is called by:
		_MEF_Actualizacion
 This function uses a non-reentrant model


 *************** function _Salida_Modo_Pulv *****************
 Defined at:
		line 21 in file "Modo_Pulverizacion.c"
 Parameters:    Size  Location     Type
		None
 Auto vars:     Size  Location     Type
		None
 Return value:  Size  Location     Type
                  1    wreg      void 
 Registers used:
		wreg, status,2, status,0, btemp+1, pclath, cstack
 Tracked objects:
		On entry : 
		On exit  : 
		Unchanged: 
 Data sizes:     COMMON   BANK0   BANK1   BANK3   BANK2
      Params:         0       0       0       0       0
      Locals:         0       2       0       0       0
      Temps:          0       0       0       0       0
      Totals:         0       2       0       0       0
Total ram usage:        2 bytes
 Hardware stack levels used:    1
 Hardware stack levels required when called:    5
 This function calls:
		_Pwm1
		_Pwm1_init
		___ftdiv
		___fttol
		___lbtoft
		___lwtoft
 This function is called by:
		_MEF_Subest_Actualizacion
 This function uses a non-reentrant model


 *************** function ___lbtoft *****************
 Defined at:
		line 27 in file "C:\Program Files (x86)\Microchip\xc8\pic\sources\c90\common\lbtoft.c"
 Parameters:    Size  Location     Type
  c               1    wreg     unsigned char 
 Auto vars:     Size  Location     Type
  c               1    4[COMMON] unsigned char 
 Return value:  Size  Location     Type
                  3    8[BANK0 ] float 
 Registers used:
		wreg, status,2, status,0, btemp+1, pclath, cstack
 Tracked objects:
		On entry : 
		On exit  : 
		Unchanged: 
 Data sizes:     COMMON   BANK0   BANK1   BANK3   BANK2
      Params:         0       3       0       0       0
      Locals:         1       0       0       0       0
      Temps:          0       3       0       0       0
      Totals:         1       6       0       0       0
Total ram usage:        7 bytes
 Hardware stack levels used:    1
 Hardware stack levels required when called:    3
 This function calls:
		___ftpack
 This function is called by:
		_Salida_Modo_Pulv
 This function uses a non-reentrant model


 *************** function _Pwm1_init *****************
 Defined at:
		line 29 in file "Pwm_Soft.c"
 Parameters:    Size  Location     Type
  frecuencia      2   55[BANK0 ] unsigned int 
 Auto vars:     Size  Location     Type
		None
 Return value:  Size  Location     Type
                  1    wreg      void 
 Registers used:
		wreg, status,2, status,0, btemp+1, pclath, cstack
 Tracked objects:
		On entry : 
		On exit  : 
		Unchanged: 
 Data sizes:     COMMON   BANK0   BANK1   BANK3   BANK2
      Params:         0       2       0       0       0
      Locals:         0       0       0       0       0
      Temps:          0       0       0       0       0
      Totals:         0       2       0       0       0
Total ram usage:        2 bytes
 Hardware stack levels used:    1
 Hardware stack levels required when called:    4
 This function calls:
		___ftdiv
		___fttol
		___lwtoft
 This function is called by:
		_Salida_Modo_Pulv
 This function uses a non-reentrant model


 *************** function ___lwtoft *****************
 Defined at:
		line 28 in file "C:\Program Files (x86)\Microchip\xc8\pic\sources\c90\common\lwtoft.c"
 Parameters:    Size  Location     Type
  c               2    8[BANK0 ] unsigned int 
 Auto vars:     Size  Location     Type
		None
 Return value:  Size  Location     Type
                  3    8[BANK0 ] float 
 Registers used:
		wreg, status,2, status,0, btemp+1, pclath, cstack
 Tracked objects:
		On entry : 
		On exit  : 
		Unchanged: 
 Data sizes:     COMMON   BANK0   BANK1   BANK3   BANK2
      Params:         0       3       0       0       0
      Locals:         0       0       0       0       0
      Temps:          0       0       0       0       0
      Totals:         0       3       0       0       0
Total ram usage:        3 bytes
 Hardware stack levels used:    1
 Hardware stack levels required when called:    3
 This function calls:
		___ftpack
 This function is called by:
		_Salida_Modo_Pulv
		_Pwm1_init
 This function uses a non-reentrant model


 *************** function _Pwm1 *****************
 Defined at:
		line 53 in file "Pwm_Soft.c"
 Parameters:    Size  Location     Type
  duty            3   55[BANK0 ] float 
 Auto vars:     Size  Location     Type
		None
 Return value:  Size  Location     Type
                  1    wreg      void 
 Registers used:
		wreg, status,2, status,0, btemp+1, pclath, cstack
 Tracked objects:
		On entry : 
		On exit  : 
		Unchanged: 
 Data sizes:     COMMON   BANK0   BANK1   BANK3   BANK2
      Params:         0       3       0       0       0
      Locals:         0       0       0       0       0
      Temps:          0       0       0       0       0
      Totals:         0       3       0       0       0
Total ram usage:        3 bytes
 Hardware stack levels used:    1
 Hardware stack levels required when called:    4
 This function calls:
		___ftdiv
		___ftmul
		___fttol
 This function is called by:
		_Salida_Modo_Pulv
 This function uses a non-reentrant model


 *************** function _Salida_Modo_Fuga *****************
 Defined at:
		line 15 in file "Modo_Fuga.c"
 Parameters:    Size  Location     Type
		None
 Auto vars:     Size  Location     Type
		None
 Return value:  Size  Location     Type
                  1    wreg      void 
 Registers used:
		None
 Tracked objects:
		On entry : 
		On exit  : 
		Unchanged: 
 Data sizes:     COMMON   BANK0   BANK1   BANK3   BANK2
      Params:         0       0       0       0       0
      Locals:         0       0       0       0       0
      Temps:          0       0       0       0       0
      Totals:         0       0       0       0       0
Total ram usage:        0 bytes
 Hardware stack levels used:    1
 Hardware stack levels required when called:    2
 This function calls:
		Nothing
 This function is called by:
		_MEF_Subest_Actualizacion
 This function uses a non-reentrant model


 *************** function _Salida_Modo_Flujo *****************
 Defined at:
		line 15 in file "Modo_Flujo.c"
 Parameters:    Size  Location     Type
		None
 Auto vars:     Size  Location     Type
		None
 Return value:  Size  Location     Type
                  1    wreg      void 
 Registers used:
		None
 Tracked objects:
		On entry : 
		On exit  : 
		Unchanged: 
 Data sizes:     COMMON   BANK0   BANK1   BANK3   BANK2
      Params:         0       0       0       0       0
      Locals:         0       0       0       0       0
      Temps:          0       0       0       0       0
      Totals:         0       0       0       0       0
Total ram usage:        0 bytes
 Hardware stack levels used:    1
 Hardware stack levels required when called:    2
 This function calls:
		Nothing
 This function is called by:
		_MEF_Subest_Actualizacion
 This function uses a non-reentrant model


 *************** function _Pant_Val_Act *****************
 Defined at:
		line 76 in file "Display_Lcd.c"
 Parameters:    Size  Location     Type
		None
 Auto vars:     Size  Location     Type
  buffer         20   30[BANK0 ] unsigned char [20]
 Return value:  Size  Location     Type
                  1    wreg      void 
 Registers used:
		wreg, fsr0l, fsr0h, status,2, status,0, btemp+1, pclath, cstack
 Tracked objects:
		On entry : 
		On exit  : 
		Unchanged: 
 Data sizes:     COMMON   BANK0   BANK1   BANK3   BANK2
      Params:         0       0       0       0       0
      Locals:         0      20       0       0       0
      Temps:          0       2       0       0       0
      Totals:         0      22       0       0       0
Total ram usage:       22 bytes
 Hardware stack levels used:    1
 Hardware stack levels required when called:    4
 This function calls:
		_LCD_array
		_sprintf
 This function is called by:
		_MEF_Subest_Actualizacion
 This function uses a non-reentrant model


 *************** function _Pant_Temporizador *****************
 Defined at:
		line 94 in file "Display_Lcd.c"
 Parameters:    Size  Location     Type
		None
 Auto vars:     Size  Location     Type
  buffer         20   30[BANK0 ] unsigned char [20]
 Return value:  Size  Location     Type
                  1    wreg      void 
 Registers used:
		wreg, fsr0l, fsr0h, status,2, status,0, btemp+1, pclath, cstack
 Tracked objects:
		On entry : 
		On exit  : 
		Unchanged: 
 Data sizes:     COMMON   BANK0   BANK1   BANK3   BANK2
      Params:         0       0       0       0       0
      Locals:         0      20       0       0       0
      Temps:          0       2       0       0       0
      Totals:         0      22       0       0       0
Total ram usage:       22 bytes
 Hardware stack levels used:    1
 Hardware stack levels required when called:    4
 This function calls:
		_LCD_array
		_sprintf
 This function is called by:
		_MEF_Subest_Actualizacion
 This function uses a non-reentrant model


 *************** function _sprintf *****************
 Defined at:
		line 505 in file "C:\Program Files (x86)\Microchip\xc8\pic\sources\c90\common\doprnt.c"
 Parameters:    Size  Location     Type
  sp              1    wreg     PTR unsigned char 
		 -> Pant_Temporizador@buffer(20), Pant_Val_Act@buffer(20), 
  f               2   11[BANK0 ] PTR const unsigned char 
		 -> STR_30(5), STR_29(5), STR_28(5), STR_27(5), 
		 -> STR_26(5), STR_25(5), STR_24(5), 
 Auto vars:     Size  Location     Type
  sp              1   27[BANK0 ] PTR unsigned char 
		 -> Pant_Temporizador@buffer(20), Pant_Val_Act@buffer(20), 
  tmpval          4    0        struct .
  width           2   24[BANK0 ] int 
  val             2   21[BANK0 ] unsigned int 
  cp              2    0        PTR const unsigned char 
  len             2    0        unsigned int 
  c               1   26[BANK0 ] unsigned char 
  flag            1   23[BANK0 ] unsigned char 
  ap              1   20[BANK0 ] PTR void [1]
		 -> ?_sprintf(2), 
  prec            1   19[BANK0 ] char 
 Return value:  Size  Location     Type
                  2   11[BANK0 ] int 
 Registers used:
		wreg, fsr0l, fsr0h, status,2, status,0, btemp+1, pclath, cstack
 Tracked objects:
		On entry : 
		On exit  : 
		Unchanged: 
 Data sizes:     COMMON   BANK0   BANK1   BANK3   BANK2
      Params:         0       4       0       0       0
      Locals:         0       9       0       0       0
      Temps:          0       4       0       0       0
      Totals:         0      17       0       0       0
Total ram usage:       17 bytes
 Hardware stack levels used:    1
 Hardware stack levels required when called:    3
 This function calls:
		___lwdiv
		___lwmod
		___wmul
		_isdigit
 This function is called by:
		_Pant_Val_Act
		_Pant_Temporizador
 This function uses a non-reentrant model


 *************** function _isdigit *****************
 Defined at:
		line 8 in file "C:\Program Files (x86)\Microchip\xc8\pic\sources\c90\common\isdigit.c"
 Parameters:    Size  Location     Type
  c               1    wreg     unsigned char 
 Auto vars:     Size  Location     Type
  c               1    5[COMMON] unsigned char 
 Return value:  Size  Location     Type
		None               void
 Registers used:
		wreg, status,2, status,0
 Tracked objects:
		On entry : 
		On exit  : 
		Unchanged: 
 Data sizes:     COMMON   BANK0   BANK1   BANK3   BANK2
      Params:         0       0       0       0       0
      Locals:         2       0       0       0       0
      Temps:          0       0       0       0       0
      Totals:         2       0       0       0       0
Total ram usage:        2 bytes
 Hardware stack levels used:    1
 Hardware stack levels required when called:    2
 This function calls:
		Nothing
 This function is called by:
		_sprintf
 This function uses a non-reentrant model


 *************** function ___lwmod *****************
 Defined at:
		line 5 in file "C:\Program Files (x86)\Microchip\xc8\pic\sources\c90\common\lwmod.c"
 Parameters:    Size  Location     Type
  divisor         2    7[BANK0 ] unsigned int 
  dividend        2    9[BANK0 ] unsigned int 
 Auto vars:     Size  Location     Type
  counter         1    4[COMMON] unsigned char 
 Return value:  Size  Location     Type
                  2    7[BANK0 ] unsigned int 
 Registers used:
		wreg, status,2, status,0, btemp+1
 Tracked objects:
		On entry : 
		On exit  : 
		Unchanged: 
 Data sizes:     COMMON   BANK0   BANK1   BANK3   BANK2
      Params:         0       4       0       0       0
      Locals:         1       0       0       0       0
      Temps:          0       0       0       0       0
      Totals:         1       4       0       0       0
Total ram usage:        5 bytes
 Hardware stack levels used:    1
 Hardware stack levels required when called:    2
 This function calls:
		Nothing
 This function is called by:
		_sprintf
 This function uses a non-reentrant model


 *************** function _Pant_Pulverizacion *****************
 Defined at:
		line 114 in file "Display_Lcd.c"
 Parameters:    Size  Location     Type
		None
 Auto vars:     Size  Location     Type
		None
 Return value:  Size  Location     Type
                  1    wreg      void 
 Registers used:
		wreg, fsr0l, fsr0h, status,2, status,0, btemp+1, pclath, cstack
 Tracked objects:
		On entry : 
		On exit  : 
		Unchanged: 
 Data sizes:     COMMON   BANK0   BANK1   BANK3   BANK2
      Params:         0       0       0       0       0
      Locals:         0       0       0       0       0
      Temps:          0       3       0       0       0
      Totals:         0       3       0       0       0
Total ram usage:        3 bytes
 Hardware stack levels used:    1
 Hardware stack levels required when called:    4
 This function calls:
		_LCD_array
		_LCD_command
 This function is called by:
		_MEF_Subest_Actualizacion
 This function uses a non-reentrant model


 *************** function _Pant_Modos *****************
 Defined at:
		line 64 in file "Display_Lcd.c"
 Parameters:    Size  Location     Type
		None
 Auto vars:     Size  Location     Type
		None
 Return value:  Size  Location     Type
                  1    wreg      void 
 Registers used:
		wreg, fsr0l, fsr0h, status,2, status,0, btemp+1, pclath, cstack
 Tracked objects:
		On entry : 
		On exit  : 
		Unchanged: 
 Data sizes:     COMMON   BANK0   BANK1   BANK3   BANK2
      Params:         0       0       0       0       0
      Locals:         0       0       0       0       0
      Temps:          0       0       0       0       0
      Totals:         0       0       0       0       0
Total ram usage:        0 bytes
 Hardware stack levels used:    1
 Hardware stack levels required when called:    4
 This function calls:
		_LCD_array
		_LCD_command
		_LCD_date
		_LCD_xy
 This function is called by:
		_MEF_Subest_Actualizacion
 This function uses a non-reentrant model


 *************** function _LCD_xy *****************
 Defined at:
		line 163 in file "Lcd.c"
 Parameters:    Size  Location     Type
  x               2    1[BANK0 ] int 
  y               2    3[BANK0 ] int 
 Auto vars:     Size  Location     Type
		None
 Return value:  Size  Location     Type
                  1    wreg      void 
 Registers used:
		wreg, fsr0l, fsr0h, status,2, status,0, pclath, cstack
 Tracked objects:
		On entry : 
		On exit  : 
		Unchanged: 
 Data sizes:     COMMON   BANK0   BANK1   BANK3   BANK2
      Params:         0       4       0       0       0
      Locals:         0       0       0       0       0
      Temps:          0       0       0       0       0
      Totals:         0       4       0       0       0
Total ram usage:        4 bytes
 Hardware stack levels used:    1
 Hardware stack levels required when called:    3
 This function calls:
		_LCD_command
 This function is called by:
		_Pant_Modos
 This function uses a non-reentrant model


 *************** function _Pant_Fuga *****************
 Defined at:
		line 124 in file "Display_Lcd.c"
 Parameters:    Size  Location     Type
		None
 Auto vars:     Size  Location     Type
		None
 Return value:  Size  Location     Type
                  1    wreg      void 
 Registers used:
		wreg, fsr0l, fsr0h, status,2, status,0, btemp+1, pclath, cstack
 Tracked objects:
		On entry : 
		On exit  : 
		Unchanged: 
 Data sizes:     COMMON   BANK0   BANK1   BANK3   BANK2
      Params:         0       0       0       0       0
      Locals:         0       0       0       0       0
      Temps:          0       3       0       0       0
      Totals:         0       3       0       0       0
Total ram usage:        3 bytes
 Hardware stack levels used:    1
 Hardware stack levels required when called:    4
 This function calls:
		_LCD_array
		_LCD_command
 This function is called by:
		_MEF_Subest_Actualizacion
 This function uses a non-reentrant model


 *************** function _Pant_Flujo *****************
 Defined at:
		line 134 in file "Display_Lcd.c"
 Parameters:    Size  Location     Type
		None
 Auto vars:     Size  Location     Type
		None
 Return value:  Size  Location     Type
                  1    wreg      void 
 Registers used:
		wreg, fsr0l, fsr0h, status,2, status,0, btemp+1, pclath, cstack
 Tracked objects:
		On entry : 
		On exit  : 
		Unchanged: 
 Data sizes:     COMMON   BANK0   BANK1   BANK3   BANK2
      Params:         0       0       0       0       0
      Locals:         0       0       0       0       0
      Temps:          0       3       0       0       0
      Totals:         0       3       0       0       0
Total ram usage:        3 bytes
 Hardware stack levels used:    1
 Hardware stack levels required when called:    4
 This function calls:
		_LCD_array
		_LCD_command
 This function is called by:
		_MEF_Subest_Actualizacion
 This function uses a non-reentrant model


 *************** function _Lec_Adc_Modo_Pulv *****************
 Defined at:
		line 4 in file "Modo_Pulverizacion.c"
 Parameters:    Size  Location     Type
		None
 Auto vars:     Size  Location     Type
		None
 Return value:  Size  Location     Type
                  1    wreg      void 
 Registers used:
		wreg, status,2, status,0, btemp+1, pclath, cstack
 Tracked objects:
		On entry : 
		On exit  : 
		Unchanged: 
 Data sizes:     COMMON   BANK0   BANK1   BANK3   BANK2
[...]
      Params:         2       0       0       0       0
      Locals:         0       3       0       0       0
      Temps:          0       2       0       0       0
      Totals:         2       5       0       0       0
Total ram usage:        7 bytes
 Hardware stack levels used:    1
 Hardware stack levels required when called:    2
 This function calls:
		Nothing
 This function is called by:
		_Adc_Rpm_Read
		_Adc_Pwm_Read
		_Adc_Min_Read
		_Adc_Temp_Read
 This function uses a non-reentrant model


 *************** function _Fin_Proceso *****************
 Defined at:
		line 52 in file "Menu_Modo.c"
 Parameters:    Size  Location     Type
		None
 Auto vars:     Size  Location     Type
  i               1   12[BANK0 ] unsigned char 
 Return value:  Size  Location     Type
                  1    wreg      void 
 Registers used:
		wreg, fsr0l, fsr0h, status,2, status,0, btemp+1, pclath, cstack
 Tracked objects:
		On entry : 
		On exit  : 
		Unchanged: 
 Data sizes:     COMMON   BANK0   BANK1   BANK3   BANK2
      Params:         0       0       0       0       0
      Locals:         0       1       0       0       0
      Temps:          0       3       0       0       0
      Totals:         0       4       0       0       0
Total ram usage:        4 bytes
 Hardware stack levels used:    1
 Hardware stack levels required when called:    5
 This function calls:
		_Proceso_Fin
		_Pwm1_stop
 This function is called by:
		_MEF_Subest_Actualizacion
 This function uses a non-reentrant model


 *************** function _Proceso_Fin *****************
 Defined at:
		line 145 in file "Display_Lcd.c"
 Parameters:    Size  Location     Type
		None
 Auto vars:     Size  Location     Type
		None
 Return value:  Size  Location     Type
                  1    wreg      void 
 Registers used:
		wreg, fsr0l, fsr0h, status,2, status,0, btemp+1, pclath, cstack
 Tracked objects:
		On entry : 
		On exit  : 
		Unchanged: 
 Data sizes:     COMMON   BANK0   BANK1   BANK3   BANK2
      Params:         0       0       0       0       0
      Locals:         0       0       0       0       0
      Temps:          0       0       0       0       0
      Totals:         0       0       0       0       0
Total ram usage:        0 bytes
 Hardware stack levels used:    1
 Hardware stack levels required when called:    4
 This function calls:
		_LCD_array
		_LCD_command
 This function is called by:
		_Fin_Proceso
 This function uses a non-reentrant model


 *************** function _Detener *****************
 Defined at:
		line 30 in file "Menu_Modo.c"
 Parameters:    Size  Location     Type
		None
 Auto vars:     Size  Location     Type
  i               1   12[BANK0 ] unsigned char 
 Return value:  Size  Location     Type
                  1    wreg      void 
 Registers used:
		wreg, fsr0l, fsr0h, status,2, status,0, btemp+1, pclath, cstack
 Tracked objects:
		On entry : 
		On exit  : 
		Unchanged: 
 Data sizes:     COMMON   BANK0   BANK1   BANK3   BANK2
      Params:         0       0       0       0       0
      Locals:         0       1       0       0       0
      Temps:          0       3       0       0       0
      Totals:         0       4       0       0       0
Total ram usage:        4 bytes
 Hardware stack levels used:    1
 Hardware stack levels required when called:    5
 This function calls:
		_Antirrebote
		_Pant_Detener
		_Pwm1_stop
 This function is called by:
		_MEF_Subest_Actualizacion
 This function uses a non-reentrant model


 *************** function _Pwm1_stop *****************
 Defined at:
		line 71 in file "Pwm_Soft.c"
 Parameters:    Size  Location     Type
		None
 Auto vars:     Size  Location     Type
		None
 Return value:  Size  Location     Type
                  1    wreg      void 
 Registers used:
		wreg, status,2
 Tracked objects:
		On entry : 
		On exit  : 
		Unchanged: 
 Data sizes:     COMMON   BANK0   BANK1   BANK3   BANK2
      Params:         0       0       0       0       0
      Locals:         0       0       0       0       0
      Temps:          0       0       0       0       0
      Totals:         0       0       0       0       0
Total ram usage:        0 bytes
 Hardware stack levels used:    1
 Hardware stack levels required when called:    2
 This function calls:
		Nothing
 This function is called by:
		_main
		_Detener
		_Fin_Proceso
 This function uses a non-reentrant model


 *************** function _Pant_Detener *****************
 Defined at:
		line 106 in file "Display_Lcd.c"
 Parameters:    Size  Location     Type
		None
 Auto vars:     Size  Location     Type
		None
 Return value:  Size  Location     Type
                  1    wreg      void 
 Registers used:
		wreg, fsr0l, fsr0h, status,2, status,0, btemp+1, pclath, cstack
 Tracked objects:
		On entry : 
		On exit  : 
		Unchanged: 
 Data sizes:     COMMON   BANK0   BANK1   BANK3   BANK2
      Params:         0       0       0       0       0
      Locals:         0       0       0       0       0
      Temps:          0       0       0       0       0
      Totals:         0       0       0       0       0
Total ram usage:        0 bytes
 Hardware stack levels used:    1
 Hardware stack levels required when called:    4
 This function calls:
		_LCD_array
		_LCD_command
 This function is called by:
		_Detener
 This function uses a non-reentrant model


 *************** function _LCD_array *****************
 Defined at:
		line 137 in file "Lcd.c"
 Parameters:    Size  Location     Type
  x               2    1[BANK0 ] int 
  y               2    3[BANK0 ] int 
  date            2    5[BANK0 ] PTR unsigned char 
		 -> STR_39(20), STR_38(21), STR_37(10), STR_36(17), 
		 -> STR_35(9), STR_34(17), STR_33(18), STR_32(17), 
		 -> STR_31(17), Pant_Temporizador@buffer(20), Pant_Val_Act@buffer(20), STR_23(2), 
		 -> STR_22(13), STR_21(2), STR_20(8), STR_19(5), 
		 -> STR_18(5), STR_17(18), STR_16(6), STR_15(5), 
		 -> STR_14(14), STR_13(2), STR_12(2), STR_11(2), 
		 -> STR_10(2), STR_9(2), STR_8(2), STR_7(2), 
		 -> STR_6(2), STR_5(2), STR_4(21), STR_3(21), 
		 -> STR_2(21), STR_1(21), 
 Auto vars:     Size  Location     Type
		None
 Return value:  Size  Location     Type
                  1    wreg      void 
 Registers used:
		wreg, fsr0l, fsr0h, status,2, status,0, btemp+1, pclath, cstack
 Tracked objects:
		On entry : 
		On exit  : 
		Unchanged: 
 Data sizes:     COMMON   BANK0   BANK1   BANK3   BANK2
      Params:         0       6       0       0       0
      Locals:         0       0       0       0       0
      Temps:          0       2       0       0       0
      Totals:         0       8       0       0       0
Total ram usage:        8 bytes
 Hardware stack levels used:    1
 Hardware stack levels required when called:    3
 This function calls:
		_LCD_command
		_LCD_date
 This function is called by:
		_Pant_Inicio
		_Pant_Selector
		_Pant_Menu
		_Pant_Modos
		_Pant_Val_Act
		_Pant_Temporizador
		_Pant_Detener
		_Pant_Pulverizacion
		_Pant_Fuga
		_Pant_Flujo
		_Proceso_Fin
 This function uses a non-reentrant model


 *************** function _LCD_date *****************
 Defined at:
		line 88 in file "Lcd.c"
 Parameters:    Size  Location     Type
  date            1    wreg     unsigned char 
 Auto vars:     Size  Location     Type
  date            1    0[BANK0 ] unsigned char 
 Return value:  Size  Location     Type
                  1    wreg      void 
 Registers used:
		wreg, status,2, status,0
 Tracked objects:
		On entry : 
		On exit  : 
		Unchanged: 
 Data sizes:     COMMON   BANK0   BANK1   BANK3   BANK2
      Params:         0       0       0       0       0
      Locals:         0       1       0       0       0
      Temps:          2       0       0       0       0
      Totals:         2       1       0       0       0
Total ram usage:        3 bytes
 Hardware stack levels used:    1
 Hardware stack levels required when called:    2
 This function calls:
		Nothing
 This function is called by:
		_Pant_Modos
		_LCD_array
		_LCD_character
 This function uses a non-reentrant model


 *************** function _Antirrebote *****************
 Defined at:
		line 77 in file "Main.c"
 Parameters:    Size  Location     Type
		None
 Auto vars:     Size  Location     Type
		None
 Return value:  Size  Location     Type
                  1    wreg      void 
 Registers used:
		wreg
 Tracked objects:
		On entry : 
		On exit  : 
		Unchanged: 
 Data sizes:     COMMON   BANK0   BANK1   BANK3   BANK2
      Params:         0       0       0       0       0
      Locals:         0       0       0       0       0
      Temps:          0       3       0       0       0
      Totals:         0       3       0       0       0
Total ram usage:        3 bytes
 Hardware stack levels used:    1
 Hardware stack levels required when called:    2
 This function calls:
		Nothing
 This function is called by:
		_MEF_Actualizacion
		_MEF_Subest_Actualizacion
		_Select_Modo
		_Detener
 This function uses a non-reentrant model


 *************** function _LCD_init *****************
 Defined at:
		line 4 in file "Lcd.c"
 Parameters:    Size  Location     Type
		None
 Auto vars:     Size  Location     Type
  i               1    3[BANK0 ] unsigned char 
 Return value:  Size  Location     Type
                  1    wreg      void 
 Registers used:
		wreg, status,2, status,0, btemp+1, pclath, cstack
 Tracked objects:
		On entry : 
		On exit  : 
		Unchanged: 
 Data sizes:     COMMON   BANK0   BANK1   BANK3   BANK2
      Params:         0       0       0       0       0
      Locals:         0       1       0       0       0
      Temps:          0       2       0       0       0
      Totals:         0       3       0       0       0
Total ram usage:        3 bytes
 Hardware stack levels used:    1
 Hardware stack levels required when called:    3
 This function calls:
		_LCD_command
 This function is called by:
		_main
 This function uses a non-reentrant model


 *************** function _LCD_command *****************
 Defined at:
		line 39 in file "Lcd.c"
 Parameters:    Size  Location     Type
  cmd             1    wreg     unsigned char 
 Auto vars:     Size  Location     Type
  cmd             1    0[BANK0 ] unsigned char 
 Return value:  Size  Location     Type
                  1    wreg      void 
 Registers used:
		wreg, status,2, status,0
 Tracked objects:
		On entry : 
		On exit  : 
		Unchanged: 
 Data sizes:     COMMON   BANK0   BANK1   BANK3   BANK2
      Params:         0       0       0       0       0
      Locals:         0       1       0       0       0
      Temps:          2       0       0       0       0
      Totals:         2       1       0       0       0
Total ram usage:        3 bytes
 Hardware stack levels used:    1
 Hardware stack levels required when called:    2
 This function calls:
		Nothing
 This function is called by:
		_MEF_Subest_Actualizacion
		_Pant_Inicio
		_Pant_Modos
		_Pant_Detener
		_Pant_Pulverizacion
		_Pant_Fuga
		_Pant_Flujo
		_Proceso_Fin
		_LCD_init
		_LCD_array
		_LCD_xy
		_LCD_character
		_LCD_shift
 This function uses a non-reentrant model


 *************** function _Adc_init *****************
 Defined at:
		line 5 in file "ADC.c"
 Parameters:    Size  Location     Type
		None
 Auto vars:     Size  Location     Type
		None
 Return value:  Size  Location     Type
                  1    wreg      void 
 Registers used:
		wreg, status,2, status,0
 Tracked objects:
		On entry : 
		On exit  : 
		Unchanged: 
 Data sizes:     COMMON   BANK0   BANK1   BANK3   BANK2
      Params:         0       0       0       0       0
      Locals:         0       0       0       0       0
      Temps:          0       0       0       0       0
      Totals:         0       0       0       0       0
Total ram usage:        0 bytes
 Hardware stack levels used:    1
 Hardware stack levels required when called:    2
 This function calls:
		Nothing
 This function is called by:
		_main
 This function uses a non-reentrant model


 *************** function _ISR *****************
 Defined at:
		line 87 in file "Main.c"
 Parameters:    Size  Location     Type
		None
 Auto vars:     Size  Location     Type
  f_pwmS1         1    3[COMMON] _Bool 
 Return value:  Size  Location     Type
                  1    wreg      void 
 Registers used:
		wreg, status,2, status,0, btemp+1, pclath, cstack
 Tracked objects:
		On entry : 
		On exit  : 
		Unchanged: 
 Data sizes:     COMMON   BANK0   BANK1   BANK3   BANK2
      Params:         0       0       0       0       0
      Locals:         1       0       0       0       0
      Temps:          3       0       0       0       0
      Totals:         4       0       0       0       0
Total ram usage:        4 bytes
 Hardware stack levels used:    1
 Hardware stack levels required when called:    1
 This function calls:
		_Pwm_Signal
		_Task_Ready
 This function is called by:
		Interrupt level 1
 This function uses a non-reentrant model


 *************** function _Task_Ready *****************
 Defined at:
		line 111 in file "Main.c"
 Parameters:    Size  Location     Type
		None
 Auto vars:     Size  Location     Type
		None
 Return value:  Size  Location     Type
                  1    wreg      void 
 Registers used:
		wreg, status,2, status,0, btemp+1
 Tracked objects:
		On entry : 
		On exit  : 
		Unchanged: 
 Data sizes:     COMMON   BANK0   BANK1   BANK3   BANK2
      Params:         0       0       0       0       0
      Locals:         0       0       0       0       0
      Temps:          0       0       0       0       0
      Totals:         0       0       0       0       0
Total ram usage:        0 bytes
 Hardware stack levels used:    1
 This function calls:
		Nothing
 This function is called by:
		_ISR
 This function uses a non-reentrant model


 *************** function _Pwm_Signal *****************
 Defined at:
		line 86 in file "Pwm_Soft.c"
 Parameters:    Size  Location     Type
		None
 Auto vars:     Size  Location     Type
		None
 Return value:  Size  Location     Type
                  1    wreg      void 
 Registers used:
		wreg, status,2
 Tracked objects:
		On entry : 
		On exit  : 
		Unchanged: 
 Data sizes:     COMMON   BANK0   BANK1   BANK3   BANK2
      Params:         0       0       0       0       0
      Locals:         0       0       0       0       0
      Temps:          0       0       0       0       0
      Totals:         0       0       0       0       0
Total ram usage:        0 bytes
 Hardware stack levels used:    1
 This function calls:
		Nothing
 This function is called by:
		_ISR
 This function uses a non-reentrant model



MODULE INFORMATION

Module		Function		Class		Link	Load	Size
C:\Program Files (x86)\Microchip\xc8\pic\sources\c90\common\lwtoft.c
		___lwtoft      		CODE           	115A	0000	25

C:\Program Files (x86)\Microchip\xc8\pic\sources\c90\common\lwtoft.c estimated size: 25

C:\Program Files (x86)\Microchip\xc8\pic\sources\c90\common\awtoft.c
		___awtoft      		CODE           	07D8	0000	38

C:\Program Files (x86)\Microchip\xc8\pic\sources\c90\common\awtoft.c estimated size: 38

C:\Program Files (x86)\Microchip\xc8\pic\sources\c90\common\lbtoft.c
		___lbtoft      		CODE           	11A5	0000	31

C:\Program Files (x86)\Microchip\xc8\pic\sources\c90\common\lbtoft.c estimated size: 31

Modo_Flujo.c
		_Lec_Adc_Modo_Flujo		CODE           	1102	0000	10
		_Salida_Modo_Flujo		CODE           	10DD	0000	5

Modo_Flujo.c estimated size: 15

C:\Program Files (x86)\Microchip\xc8\pic\sources\c90\common\float.c
		___ftpack      		CODE           	1792	0000	111

C:\Program Files (x86)\Microchip\xc8\pic\sources\c90\common\float.c estimated size: 111

C:\Program Files (x86)\Microchip\xc8\pic\sources\c90\common\lwmod.c
		___lwmod       		CODE           	04CA	0000	53

C:\Program Files (x86)\Microchip\xc8\pic\sources\c90\common\lwmod.c estimated size: 53

C:\Program Files (x86)\Microchip\xc8\pic\sources\c90\common\doprnt.c
		_sprintf       		CODE           	0042	0000	480

C:\Program Files (x86)\Microchip\xc8\pic\sources\c90\common\doprnt.c estimated size: 480

C:\Program Files (x86)\Microchip\xc8\pic\sources\c90\common\isdigit.c
		_isdigit       		CODE           	1114	0000	15

C:\Program Files (x86)\Microchip\xc8\pic\sources\c90\common\isdigit.c estimated size: 15

C:\Program Files (x86)\Microchip\xc8\pic\sources\c90\common\ftmul.c
		___ftmul       		CODE           	0705	0000	212

C:\Program Files (x86)\Microchip\xc8\pic\sources\c90\common\ftmul.c estimated size: 212

Display_Lcd.c
		_Pant_Detener  		CODE           	1142	0000	25
		_Pant_Menu     		CODE           	14B9	0000	76
		_Pant_Selector 		CODE           	0BC5	0000	158
		_Pant_Val_Act  		CODE           	0F3A	0000	199
		_Pant_Flujo    		CODE           	133F	0000	61
		_Pant_Fuga     		CODE           	137B	0000	61
		_Pant_Pulverizacion		CODE           	13B7	0000	61
		_Pant_Temporizador		CODE           	146E	0000	76
		_Pant_Inicio   		CODE           	0C62	0000	175
		_Pant_Modos    		CODE           	0AA3	0000	141
		_Proceso_Fin   		CODE           	1258	0000	44

Display_Lcd.c estimated size: 1077

C:\Program Files (x86)\Microchip\xc8\pic\sources\c90\common\ftdiv.c
		___ftdiv       		CODE           	0DC8	0000	185

C:\Program Files (x86)\Microchip\xc8\pic\sources\c90\common\ftdiv.c estimated size: 185

Pwm_Soft.c
		_Pwm1_stop     		CODE           	1122	0000	16
		_Pwm1          		CODE           	090D	0000	131
		_Pwm_init      		CODE           	118B	0000	27
		_Pwm1_init     		CODE           	0890	0000	126
		_Pwm_Signal    		CODE           	11E6	0000	37

Pwm_Soft.c estimated size: 337

MEF.c
		_MEF_Subest_Actualizacion		CODE           	03AD	0000	286
		_MEF_Init      		CODE           	10EB	0000	8
		_MEF_Actualizacion		CODE           	1663	0000	98

MEF.c estimated size: 392

C:\Program Files (x86)\Microchip\xc8\pic\sources\c90\common\lwdiv.c
		___lwdiv       		CODE           	1430	0000	63

C:\Program Files (x86)\Microchip\xc8\pic\sources\c90\common\lwdiv.c estimated size: 63

C:\Program Files (x86)\Microchip\xc8\pic\sources\c90\common\Umul16.c
		___wmul        		CODE           	11C3	0000	36

C:\Program Files (x86)\Microchip\xc8\pic\sources\c90\common\Umul16.c estimated size: 36

Main.c
		_ISR           		CODE           	0B2F	0000	151
		_Task_Ready    		CODE           	13F3	0000	62
		_Pines_Init    		CODE           	1172	0000	26
		_main          		CODE           	12DB	0000	50
		_Antirrebote   		CODE           	122E	0000	43

Main.c estimated size: 332

shared
		__stringtab    		STRCODE        	0500	0000	19
		_dpowers       		STRCODE        	0512	0000	11
		__initialization		CODE           	0013	0000	44

shared estimated size: 74

ADC.c
		_Adc           		CODE           	1504	0000	78
		_Adc_init      		CODE           	120A	0000	37

ADC.c estimated size: 115

Modo_Pulverizacion.c
		_Lec_Adc_Modo_Pulv		CODE           	0800	0000	20
		_Salida_Modo_Pulv		CODE           	15AC	0000	92

Modo_Pulverizacion.c estimated size: 112

C:\Program Files (x86)\Microchip\xc8\pic\sources\c90\common\fttol.c
		___fttol       		CODE           	0813	0000	126

C:\Program Files (x86)\Microchip\xc8\pic\sources\c90\common\fttol.c estimated size: 126

Modo_Fuga.c
		_Lec_Adc_Modo_Fuga		CODE           	110B	0000	10
		_Salida_Modo_Fuga		CODE           	10E1	0000	5

Modo_Fuga.c estimated size: 15

Adc_Read.c
		_Adc_Rpm_Read  		CODE           	0221	0000	397
		_Adc_Pwm_Read  		CODE           	098F	0000	137
		_Adc_Min_Read  		CODE           	060A	0000	252
		_Adc_Temp_Read 		CODE           	16C4	0000	101

Adc_Read.c estimated size: 887

Lcd.c
		_LCD_character 		CODE           	12AE	0000	46
		_LCD_init      		CODE           	0A17	0000	141
		_LCD_command   		CODE           	0E80	0000	187
		_LCD_xy        		CODE           	130C	0000	52
		_LCD_array     		CODE           	1728	0000	107
		_LCD_date      		CODE           	0D10	0000	185

Lcd.c estimated size: 718

Menu_Modo.c
		_Fin_Proceso   		CODE           	1607	0000	93
		_Detener       		CODE           	1551	0000	92
		_Select_Modo   		CODE           	1283	0000	44

Menu_Modo.c estimated size: 229

