MPLINK 5.09, LINKER
Linker Map File - Created Wed Jun 03 00:37:55 2020

                                 Section Info
                  Section       Type    Address   Location Size(Bytes)
                ---------  ---------  ---------  ---------  ---------
                   .org_0       code   0x000000    program   0x00003c
                   .cinit    romdata   0x00001e    program   0x000004



                              Program Memory Usage 
                               Start         End      
                           ---------   ---------      
                            0x000000    0x00001f      
            32 out of 1094 program addresses used, program memory utilization is 2%



                              Symbols - Sorted by Name
                     Name    Address   Location    Storage File                     
                ---------  ---------  ---------  --------- ---------                
             CONFIRMACION   0x00000c    program     static C:\Users\aguat\Documents\MPLAB PROJECTS\PROGRAMAS EN ASM\Quinto\BCD_RESTA.X\Main.asm
                 DETECTAZ   0x000014    program     static C:\Users\aguat\Documents\MPLAB PROJECTS\PROGRAMAS EN ASM\Quinto\BCD_RESTA.X\Main.asm
                DISMINUIR   0x000010    program     static C:\Users\aguat\Documents\MPLAB PROJECTS\PROGRAMAS EN ASM\Quinto\BCD_RESTA.X\Main.asm
                  PROCESO   0x000007    program     static C:\Users\aguat\Documents\MPLAB PROJECTS\PROGRAMAS EN ASM\Quinto\BCD_RESTA.X\Main.asm



                              Symbols - Sorted by Address
                     Name    Address   Location    Storage File                     
                ---------  ---------  ---------  --------- ---------                
                  PROCESO   0x000007    program     static C:\Users\aguat\Documents\MPLAB PROJECTS\PROGRAMAS EN ASM\Quinto\BCD_RESTA.X\Main.asm
             CONFIRMACION   0x00000c    program     static C:\Users\aguat\Documents\MPLAB PROJECTS\PROGRAMAS EN ASM\Quinto\BCD_RESTA.X\Main.asm
                DISMINUIR   0x000010    program     static C:\Users\aguat\Documents\MPLAB PROJECTS\PROGRAMAS EN ASM\Quinto\BCD_RESTA.X\Main.asm
                 DETECTAZ   0x000014    program     static C:\Users\aguat\Documents\MPLAB PROJECTS\PROGRAMAS EN ASM\Quinto\BCD_RESTA.X\Main.asm


