Microchip MPLAB XC8 Compiler V2.20

Linker command line:

-W-3 --edf=C:\Program Files (x86)\Microchip\xc8\pic\dat\en_msgs.txt -cn \
  -h+dist/default/production\Lib_PwmSoft.X.production.sym \
  --cmf=dist/default/production\Lib_PwmSoft.X.production.cmf -z -Q18F4550 \
  -oC:\Users\aguat\AppData\Local\Temp\s8jo.2 --defsym=__MPLAB_BUILD=1 \
  -Mdist/default/production/Lib_PwmSoft.X.production.map -E1 \
  -ver=XC8 Compiler --acfsm=1493 -ASTACK=09Eh-07FFh -pstack=STACK \
  -ACODE=00h-07FFFh -ACONST=00h-07FFFh -ASMALLCONST=0800h-08FFhx120 \
  -AMEDIUMCONST=0800h-07FFFh -ACOMRAM=01h-05Fh -AABS1=00h-07FFh \
  -ABIGRAM=01h-07FFh -ARAM=060h-0FFh,0100h-01FFhx7 -ABANK0=060h-0FFh \
  -ABANK1=0100h-01FFh -ABANK2=0200h-02FFh -ABANK3=0300h-03FFh \
  -ABANK4=0400h-04FFh -ABANK5=0500h-05FFh -ABANK6=0600h-06FFh \
  -ABANK7=0700h-07FFh -ASFR=0F60h-0FFFh -ACONFIG=0300000h-030000Dh \
  -AIDLOC=0200000h-0200007h \
  -preset_vec=00h,intcode,intcodelo=018h,powerup,init -pramtop=0800h \
  -psmallconst=SMALLCONST -pmediumconst=MEDIUMCONST -pconst=CONST \
  -AFARRAM=00h-00h -AEEDATA=0F00000h-0F000FFh -peeprom_data=EEDATA \
  -prdata=COMRAM,nvrram=COMRAM,nvbit=COMRAM,rbss=COMRAM,rbit=COMRAM \
  -pfarbss=FARRAM,fardata=FARRAM,nvFARRAM=FARRAM \
  -pintsave_regs=BIGRAM,bigbss=BIGRAM,bigdata=BIGRAM -pbss=RAM \
  -pidata=CODE,irdata=CODE,ibigdata=CODE,ifardata=CODE -prparam=COMRAM \
  C:\Users\aguat\AppData\Local\Temp\s8jo.o \
  dist/default/production\Lib_PwmSoft.X.production.o 

Object code version is 3.11

Machine type is 18F4550



                Name                               Link     Load   Length Selector   Space Scale
C:\Users\aguat\AppData\Local\Temp\s8jo.o
                idloc                            200000   200000        8        0       5
                config                           300000   300000        E        0       4
                init                                172      172        4        C       0
                reset_vec                             0        0        4        0       0
dist/default/production\Lib_PwmSoft.X.production.o
                intcodelo                            18       18      15A        C       0
                idloc                            200000   200000        8        0       5
                config                           300000   300000        E        0       4
                temp                                 57       57        1        1       1
                text21                             138E     138E       9A        C       0
                text19                              7AE      7AE      288        C       0
                text18                              176      176      32C        C       0
                text17                              D94      D94       BA        C       0
                text16                             12EC     12EC       A2        C       0
                text15                              B84      B84      140        C       0
                text14                             1058     1058       AE        C       0
                text13                             1452     1452       22        C       0
                text12                             124A     124A       A2        C       0
                text11                              FAA      FAA       AE        C       0
                text10                             14B4     14B4       20        C       0
                text9                              11A8     11A8       A2        C       0
                text8                               EFC      EFC       AE        C       0
                text7                              1494     1494       20        C       0
                text6                              1106     1106       A2        C       0
                text5                               E4E      E4E       AE        C       0
                text4                              1474     1474       20        C       0
                text3                              1428     1428       2A        C       0
                text2                               4A2      4A2      30C        C       0
                text1                               CC4      CC4       D0        C       0
                text0                               A36      A36      14E        C       0
                cstackCOMRAM                          1        1       47        1       1
                cstackBANK0                          96       96        8       60       1
                bssCOMRAM                            48       48        9        1       1
                cinit                              14D4     14D4       16        C       0
                nvBANK0                              60       60       36       60       1
                nvCOMRAM                             51       51        6        1       1

TOTAL           Name                               Link     Load   Length     Space
        CLASS   STACK          

        CLASS   CODE           
                intcodelo                            18       18      15A         0
                init                                172      172        4         0
                reset_vec                             0        0        4         0
                text21                             138E     138E       9A         0
                text19                              7AE      7AE      288         0
                text18                              176      176      32C         0
                text17                              D94      D94       BA         0
                text16                             12EC     12EC       A2         0
                text15                              B84      B84      140         0
                text14                             1058     1058       AE         0
                text13                             1452     1452       22         0
                text12                             124A     124A       A2         0
                text11                              FAA      FAA       AE         0
                text10                             14B4     14B4       20         0
                text9                              11A8     11A8       A2         0
                text8                               EFC      EFC       AE         0
                text7                              1494     1494       20         0
                text6                              1106     1106       A2         0
                text5                               E4E      E4E       AE         0
                text4                              1474     1474       20         0
                text3                              1428     1428       2A         0
                text2                               4A2      4A2      30C         0
                text1                               CC4      CC4       D0         0
                text0                               A36      A36      14E         0
                cinit                              14D4     14D4       16         0

        CLASS   CONST          

        CLASS   SMALLCONST     

        CLASS   MEDIUMCONST    

        CLASS   COMRAM         
                temp                                 57       57        1         1
                cstackCOMRAM                          1        1       47         1
                bssCOMRAM                            48       48        9         1
                nvCOMRAM                             51       51        6         1

        CLASS   ABS1           

        CLASS   BIGRAM         

        CLASS   RAM            

        CLASS   BANK0          
                cstackBANK0                          96       96        8         1
                nvBANK0                              60       60       36         1

        CLASS   BANK1          

        CLASS   BANK2          

        CLASS   BANK3          

        CLASS   BANK4          

        CLASS   BANK5          

        CLASS   BANK6          

        CLASS   BANK7          

        CLASS   SFR            

        CLASS   CONFIG         
                config                           300000   300000        E         4

        CLASS   IDLOC          
                idloc                            200000   200000        8         5

        CLASS   FARRAM         

        CLASS   EEDATA         



SEGMENTS        Name                           Load    Length   Top    Selector   Space  Class

                reset_vec                      000000  000004  000004         0       0  CODE    
                cstackCOMRAM                   000001  000057  000058         1       1  COMRAM  
                intcodelo                      000018  0014D2  0014EA         C       0  CODE    
                nvBANK0                        000060  00003E  00009E        60       1  BANK0   


UNUSED ADDRESS RANGES

        Name                Unused          Largest block    Delta
        BANK0            00009E-0000FF               62
        BANK1            000100-0001FF              100
        BANK2            000200-0002FF              100
        BANK3            000300-0003FF              100
        BANK4            000400-0004FF              100
        BANK5            000500-0005FF              100
        BANK6            000600-0006FF              100
        BANK7            000700-0007FF              100
        BIGRAM           000058-00005F                8
                         00009E-0007FF              762
        CODE             000004-000017               14
                         0014EA-007FFF             6B16
        COMRAM           000058-00005F                8
        CONST            000004-000017               14
                         0014EA-007FFF             6B16
        EEDATA           F00000-F000FF              100
        MEDIUMCONST      0014EA-007FFF             6B16
        RAM              00009E-0007FF              100
        SFR              000F60-000FFF               A0
        SMALLCONST       0014EA-007FFF              100
        STACK            00009E-0007FF              762

                                  Symbol Table

?___fladd                    cstackCOMRAM 000008
?___fldiv                    cstackCOMRAM 000021
?___flmul                    cstackCOMRAM 000008
?___fltol                    cstackCOMRAM 00003A
?___xxtofl                   cstackCOMRAM 000008
ISRL@f_pwmS1                 cstackCOMRAM 000004
ISRL@f_pwmS2                 cstackCOMRAM 000005
ISRL@f_pwmS3                 cstackCOMRAM 000006
ISRL@f_pwmS4                 cstackCOMRAM 000007
Pwm1@duty                    cstackCOMRAM 000044
Pwm1_init@frecuencia         cstackCOMRAM 000044
Pwm2@duty                    cstackCOMRAM 000044
Pwm2_init@frecuencia         cstackCOMRAM 000044
Pwm3@duty                    cstackCOMRAM 000044
Pwm3_init@frecuencia         cstackCOMRAM 000044
Pwm4@duty                    cstackCOMRAM 000044
Pwm4_init@frecuencia         cstackCOMRAM 000044
_ADON                        (abs)        007E10
_Act_PwmS1                   nvBANK0      000095
_Act_PwmS2                   nvBANK0      000094
_Act_PwmS3                   nvBANK0      000093
_Act_PwmS4                   nvBANK0      000092
_INTCONbits                  (abs)        000FF2
_IPR1bits                    (abs)        000F9F
_ISRL                        intcodelo    000018
_LATBbits                    (abs)        000F8A
_PER_T_S1                    nvCOMRAM     000055
_PER_T_S2                    nvCOMRAM     000053
_PER_T_S3                    nvCOMRAM     000051
_PER_T_S4                    nvBANK0      000080
_PIE1bits                    (abs)        000F9D
_PIR1bits                    (abs)        000F9E
_P_W_T_S1                    nvBANK0      000088
_P_W_T_S2                    nvBANK0      000086
_P_W_T_S3                    nvBANK0      000084
_P_W_T_S4                    nvBANK0      000082
_Per_PwmS1                   nvBANK0      00007C
_Per_PwmS2                   nvBANK0      000078
_Per_PwmS3                   nvBANK0      00006C
_Per_PwmS4                   nvBANK0      000064
_Pw_PwmS1                    nvBANK0      000074
_Pw_PwmS2                    nvBANK0      000070
_Pw_PwmS3                    nvBANK0      000068
_Pw_PwmS4                    nvBANK0      000060
_Pwm1                        text16       0012EC
_Pwm1_init                   text14       001058
_Pwm1_stop                   text13       001452
_Pwm2                        text12       00124A
_Pwm2_init                   text11       000FAA
_Pwm2_stop                   text10       0014B4
_Pwm3                        text9        0011A8
_Pwm3_init                   text8        000EFC
_Pwm3_stop                   text7        001494
_Pwm4                        text6        001106
_Pwm4_init                   text5        000E4E
_Pwm4_stop                   text4        001474
_PwmS1                       bssCOMRAM    00004E
_PwmS2                       bssCOMRAM    00004C
_PwmS3                       bssCOMRAM    00004A
_PwmS4                       bssCOMRAM    000048
_Pwm_Signal                  text21       00138E
_T1CONbits                   (abs)        000FCD
_TMR1                        (abs)        000FCE
_TMR1ON                      (abs)        007E68
_TRISBbits                   (abs)        000F93
_Tmr1_configuracion          text3        001428
__HRAM                       (abs)        000000
__Habs1                      abs1         000000
__Hbank0                     bank0        000000
__Hbank1                     bank1        000000
__Hbank2                     bank2        000000
__Hbank3                     bank3        000000
__Hbank4                     bank4        000000
__Hbank5                     bank5        000000
__Hbank6                     bank6        000000
__Hbank7                     bank7        000000
__Hbigbss                    bigbss       000000
__Hbigdata                   bigdata      000000
__Hbigram                    bigram       000000
__Hbss                       bss          000000
__HbssCOMRAM                 bssCOMRAM    000000
__Hcinit                     cinit        000000
__Hclrtext                   clrtext      000000
__Hcomram                    comram       000000
__Hconfig                    config       30000E
__Hconst                     const        000000
__HcstackBANK0               cstackBANK0  000000
__HcstackCOMRAM              cstackCOMRAM 000000
__Hdata                      data         000000
__Heeprom_data               eeprom_data  000000
__Hfarbss                    farbss       000000
__Hfardata                   fardata      000000
__Hibigdata                  ibigdata     000000
__Hidata                     idata        000000
__Hidloc                     idloc        200008
__Hifardata                  ifardata     000000
__Hinit                      init         000176
__Hintcode                   intcode      000004
__Hintcode_body              intcode_body 000000
__Hintcodelo                 intcodelo    000172
__Hintentry                  intentry     000000
__Hintret                    intret       000000
__Hintsave_regs              intsave_regs 000000
__Hirdata                    irdata       000000
__Hmediumconst               mediumconst  000000
__HnvBANK0                   nvBANK0      000000
__HnvCOMRAM                  nvCOMRAM     000000
__HnvFARRAM                  nvFARRAM     000000
__Hnvbit                     nvbit        000000
__Hnvrram                    nvrram       000000
__Hparam                     rparam       000000
__Hpowerup                   powerup      000172
__Hram                       ram          000000
__Hramtop                    ramtop       000800
__Hrbit                      rbit         000000
__Hrbss                      rbss         000000
__Hrdata                     rdata        000000
__Hreset_vec                 reset_vec    000004
__Hrparam                    rparam       000000
__Hsfr                       sfr          000000
__Hsmallconst                smallconst   000000
__Hspace_0                   (abs)        0014EA
__Hspace_1                   (abs)        00009E
__Hspace_2                   (abs)        000000
__Hspace_4                   (abs)        60000E
__Hstack                     stack        000000
__Hstruct                    struct       000000
__Htemp                      temp         000058
__Htext                      text         000000
__Htext0                     text0        000000
__Htext1                     text1        000000
__Htext10                    text10       000000
__Htext11                    text11       000000
__Htext12                    text12       000000
__Htext13                    text13       000000
__Htext14                    text14       000000
__Htext15                    text15       000000
__Htext16                    text16       000000
__Htext17                    text17       000000
__Htext18                    text18       000000
__Htext19                    text19       000000
__Htext2                     text2        000000
__Htext21                    text21       000000
__Htext3                     text3        000000
__Htext4                     text4        000000
__Htext5                     text5        000000
__Htext6                     text6        000000
__Htext7                     text7        000000
__Htext8                     text8        000000
__Htext9                     text9        000000
__LRAM                       (abs)        000001
__Labs1                      abs1         000000
__Lbank0                     bank0        000000
__Lbank1                     bank1        000000
__Lbank2                     bank2        000000
__Lbank3                     bank3        000000
__Lbank4                     bank4        000000
__Lbank5                     bank5        000000
__Lbank6                     bank6        000000
__Lbank7                     bank7        000000
__Lbigbss                    bigbss       000000
__Lbigdata                   bigdata      000000
__Lbigram                    bigram       000000
__Lbss                       bss          000000
__LbssCOMRAM                 bssCOMRAM    000000
__Lcinit                     cinit        000000
__Lclrtext                   clrtext      000000
__Lcomram                    comram       000000
__Lconfig                    config       000000
__Lconst                     const        000000
__LcstackBANK0               cstackBANK0  000000
__LcstackCOMRAM              cstackCOMRAM 000000
__Ldata                      data         000000
__Leeprom_data               eeprom_data  000000
__Lfarbss                    farbss       000000
__Lfardata                   fardata      000000
__Libigdata                  ibigdata     000000
__Lidata                     idata        000000
__Lidloc                     idloc        000000
__Lifardata                  ifardata     000000
__Linit                      init         000172
__Lintcode                   intcode      000004
__Lintcode_body              intcode_body 000000
__Lintcodelo                 intcodelo    000018
__Lintentry                  intentry     000000
__Lintret                    intret       000000
__Lintsave_regs              intsave_regs 000000
__Lirdata                    irdata       000000
__Lmediumconst               mediumconst  000000
__LnvBANK0                   nvBANK0      000000
__LnvCOMRAM                  nvCOMRAM     000000
__LnvFARRAM                  nvFARRAM     000000
__Lnvbit                     nvbit        000000
__Lnvrram                    nvrram       000000
__Lparam                     rparam       000000
__Lpowerup                   powerup      000172
__Lram                       ram          000000
__Lramtop                    ramtop       000800
__Lrbit                      rbit         000000
__Lrbss                      rbss         000000
__Lrdata                     rdata        000000
__Lreset_vec                 reset_vec    000000
__Lrparam                    rparam       000000
__Lsfr                       sfr          000000
__Lsmallconst                smallconst   000000
__Lspace_0                   (abs)        000000
__Lspace_1                   (abs)        000000
__Lspace_2                   (abs)        000000
__Lspace_4                   (abs)        000000
__Lstack                     stack        000000
__Lstruct                    struct       000000
__Ltemp                      temp         000057
__Ltext                      text         000000
__Ltext0                     text0        000000
__Ltext1                     text1        000000
__Ltext10                    text10       000000
__Ltext11                    text11       000000
__Ltext12                    text12       000000
__Ltext13                    text13       000000
__Ltext14                    text14       000000
__Ltext15                    text15       000000
__Ltext16                    text16       000000
__Ltext17                    text17       000000
__Ltext18                    text18       000000
__Ltext19                    text19       000000
__Ltext2                     text2        000000
__Ltext21                    text21       000000
__Ltext3                     text3        000000
__Ltext4                     text4        000000
__Ltext5                     text5        000000
__Ltext6                     text6        000000
__Ltext7                     text7        000000
__Ltext8                     text8        000000
__Ltext9                     text9        000000
__S0                         (abs)        0014EA
__S1                         (abs)        00009E
__S2                         (abs)        000000
__S4                         (abs)        000000
__S5                         (abs)        000000
___fladd                     text2        0004A2
___fladd@a                   cstackCOMRAM 00000C
___fladd@aexp                cstackCOMRAM 000015
___fladd@b                   cstackCOMRAM 000008
___fladd@bexp                cstackCOMRAM 000016
___fladd@grs                 cstackCOMRAM 000017
___fladd@signs               cstackCOMRAM 000014
___fldiv                     text19       0007AE
___fldiv@a                   cstackCOMRAM 000025
___fldiv@aexp                cstackCOMRAM 000039
___fldiv@b                   cstackCOMRAM 000021
___fldiv@bexp                cstackCOMRAM 000038
___fldiv@grs                 cstackCOMRAM 000034
___fldiv@new_exp             cstackCOMRAM 000032
___fldiv@rem                 cstackCOMRAM 00002D
___fldiv@sign                cstackCOMRAM 000031
___flge                      text1        000CC4
___flge@ff1                  cstackCOMRAM 000008
___flge@ff2                  cstackCOMRAM 00000C
___flmul                     text18       000176
___flmul@a                   cstackCOMRAM 00000C
___flmul@aexp                cstackCOMRAM 000015
___flmul@b                   cstackCOMRAM 000008
___flmul@bexp                cstackCOMRAM 000016
___flmul@grs                 cstackCOMRAM 000017
___flmul@prod                cstackCOMRAM 00001B
___flmul@sign                cstackCOMRAM 000014
___flmul@temp                cstackCOMRAM 00001F
___fltol                     text17       000D94
___fltol@exp1                cstackCOMRAM 000043
___fltol@f1                  cstackCOMRAM 00003A
___fltol@sign1               cstackCOMRAM 000042
___inthi_sp                  stack        000000
___intlo_sp                  stack        000000
___param_bank                (abs)        000000
___rparam_used               (abs)        000001
___sp                        stack        000000
___xxtofl                    text15       000B84
___xxtofl@arg                cstackCOMRAM 000012
___xxtofl@exp                cstackCOMRAM 000011
___xxtofl@sign               cstackCOMRAM 000010
___xxtofl@val                cstackCOMRAM 000008
__accesstop                  (abs)        000060
__activetblptr               (abs)        000000
__end_of_ISRL                intcodelo    000172
__end_of_Pwm1                text16       00138E
__end_of_Pwm1_init           text14       001106
__end_of_Pwm1_stop           text13       001474
__end_of_Pwm2                text12       0012EC
__end_of_Pwm2_init           text11       001058
__end_of_Pwm2_stop           text10       0014D4
__end_of_Pwm3                text9        00124A
__end_of_Pwm3_init           text8        000FAA
__end_of_Pwm3_stop           text7        0014B4
__end_of_Pwm4                text6        0011A8
__end_of_Pwm4_init           text5        000EFC
__end_of_Pwm4_stop           text4        001494
__end_of_Pwm_Signal          text21       001428
__end_of_Tmr1_configuracion  text3        001452
__end_of___fladd             text2        0007AE
__end_of___fldiv             text19       000A36
__end_of___flge              text1        000D94
__end_of___flmul             text18       0004A2
__end_of___fltol             text17       000E4E
__end_of___xxtofl            text15       000CC4
__end_of__initialization     cinit        0014E0
__end_of_main                text0        000B84
__initialization             cinit        0014D4
__mediumconst                mediumconst  000000
__pbssCOMRAM                 bssCOMRAM    000048
__pcinit                     cinit        0014D4
__pcstackBANK0               cstackBANK0  000096
__pcstackCOMRAM              cstackCOMRAM 000001
__pintcodelo                 intcodelo    000018
__pnvBANK0                   nvBANK0      000060
__pnvCOMRAM                  nvCOMRAM     000051
__ptext0                     text0        000A36
__ptext1                     text1        000CC4
__ptext10                    text10       0014B4
__ptext11                    text11       000FAA
__ptext12                    text12       00124A
__ptext13                    text13       001452
__ptext14                    text14       001058
__ptext15                    text15       000B84
__ptext16                    text16       0012EC
__ptext17                    text17       000D94
__ptext18                    text18       000176
__ptext19                    text19       0007AE
__ptext2                     text2        0004A2
__ptext21                    text21       00138E
__ptext3                     text3        001428
__ptext4                     text4        001474
__ptext5                     text5        000E4E
__ptext6                     text6        001106
__ptext7                     text7        001494
__ptext8                     text8        000EFC
__ptext9                     text9        0011A8
__ramtop                     ramtop       000800
__size_of_ISRL               (abs)        000000
__size_of_Pwm1               (abs)        000000
__size_of_Pwm1_init          (abs)        000000
__size_of_Pwm1_stop          (abs)        000000
__size_of_Pwm2               (abs)        000000
__size_of_Pwm2_init          (abs)        000000
__size_of_Pwm2_stop          (abs)        000000
__size_of_Pwm3               (abs)        000000
__size_of_Pwm3_init          (abs)        000000
__size_of_Pwm3_stop          (abs)        000000
__size_of_Pwm4               (abs)        000000
__size_of_Pwm4_init          (abs)        000000
__size_of_Pwm4_stop          (abs)        000000
__size_of_Pwm_Signal         (abs)        000000
__size_of_Tmr1_configuracion (abs)        000000
__size_of___fladd            (abs)        000000
__size_of___fldiv            (abs)        000000
__size_of___flge             (abs)        000000
__size_of___flmul            (abs)        000000
__size_of___fltol            (abs)        000000
__size_of___xxtofl           (abs)        000000
__size_of_main               (abs)        000000
__smallconst                 smallconst   000000
_aux                         bssCOMRAM    000050
_freqPwmS1                   nvBANK0      000090
_freqPwmS2                   nvBANK0      00008E
_freqPwmS3                   nvBANK0      00008C
_freqPwmS4                   nvBANK0      00008A
_main                        text0        000A36
btemp                        temp         000057
end_of_initialization        cinit        0014E0
int$flags                    temp         000057
intlevel0                    text         000000
intlevel1                    text         000000
intlevel2                    text         000000
intlevel3                    text         000000
main@pwm                     cstackBANK0  00009A
stackhi                      (abs)        0007FF
stacklo                      (abs)        00009E
start                        init         000172
start_initialization         cinit        0014D4
ttemp5                       temp         000058
ttemp6                       temp         00005B
ttemp7                       temp         00005F
wtemp8                       temp         000058


FUNCTION INFORMATION:

 *************** function _main *****************
 Defined at:
		line 17 in file "Main.c"
 Parameters:    Size  Location     Type
		None
 Auto vars:     Size  Location     Type
  pwm             4    4[BANK0 ] float 
  freq            2    0        unsigned int 
 Return value:  Size  Location     Type
                  1    wreg      void 
 Registers used:
		wreg, status,2, status,0, prodl, prodh, cstack
 Tracked objects:
		On entry : 
		On exit  : 
		Unchanged: 
 Data sizes:     COMRAM   BANK0   BANK1   BANK2   BANK3   BANK4   BANK5   BANK6   BANK7
      Params:         0       0       0       0       0       0       0       0       0
      Locals:         0       6       0       0       0       0       0       0       0
      Temps:          0       2       0       0       0       0       0       0       0
      Totals:         0       8       0       0       0       0       0       0       0
Total ram usage:        8 bytes
 Hardware stack levels required when called:    4
 This function calls:
		_Pwm1
		_Pwm1_init
		_Pwm1_stop
		_Pwm2
		_Pwm2_init
		_Pwm2_stop
		_Pwm3
		_Pwm3_init
		_Pwm3_stop
		_Pwm4
		_Pwm4_init
		_Pwm4_stop
		_Tmr1_configuracion
		___fladd
		___flge
 This function is called by:
		Startup code after reset
 This function uses a non-reentrant model


 *************** function ___flge *****************
 Defined at:
		line 4 in file "C:\Program Files (x86)\Microchip\xc8\pic\sources\c99\common\flge.c"
 Parameters:    Size  Location     Type
  ff1             4    7[COMRAM] void 
  ff2             4   11[COMRAM] void 
 Auto vars:     Size  Location     Type
		None
 Return value:  Size  Location     Type
		None               void
 Registers used:
		wreg, status,2, status,0
 Tracked objects:
		On entry : 
		On exit  : 
		Unchanged: 
 Data sizes:     COMRAM   BANK0   BANK1   BANK2   BANK3   BANK4   BANK5   BANK6   BANK7
      Params:         8       0       0       0       0       0       0       0       0
      Locals:         0       0       0       0       0       0       0       0       0
      Temps:          4       0       0       0       0       0       0       0       0
      Totals:        12       0       0       0       0       0       0       0       0
Total ram usage:       12 bytes
 Hardware stack levels used:    1
 Hardware stack levels required when called:    2
 This function calls:
		Nothing
 This function is called by:
		_main
 This function uses a non-reentrant model


 *************** function ___fladd *****************
 Defined at:
		line 10 in file "C:\Program Files (x86)\Microchip\xc8\pic\sources\c99\common\sprcadd.c"
 Parameters:    Size  Location     Type
  b               4    7[COMRAM] void 
  a               4   11[COMRAM] void 
 Auto vars:     Size  Location     Type
  grs             1   22[COMRAM] unsigned char 
  bexp            1   21[COMRAM] unsigned char 
  aexp            1   20[COMRAM] unsigned char 
  signs           1   19[COMRAM] unsigned char 
 Return value:  Size  Location     Type
                  4    7[COMRAM] unsigned char 
 Registers used:
		wreg, status,2, status,0
 Tracked objects:
		On entry : 
		On exit  : 
		Unchanged: 
 Data sizes:     COMRAM   BANK0   BANK1   BANK2   BANK3   BANK4   BANK5   BANK6   BANK7
      Params:         8       0       0       0       0       0       0       0       0
      Locals:         4       0       0       0       0       0       0       0       0
      Temps:          4       0       0       0       0       0       0       0       0
      Totals:        16       0       0       0       0       0       0       0       0
Total ram usage:       16 bytes
 Hardware stack levels used:    1
 Hardware stack levels required when called:    2
 This function calls:
		Nothing
 This function is called by:
		_main
 This function uses a non-reentrant model


 *************** function _Tmr1_configuracion *****************
 Defined at:
		line 4 in file "Pwm_Soft_Tmr1.c"
 Parameters:    Size  Location     Type
		None
 Auto vars:     Size  Location     Type
		None
 Return value:  Size  Location     Type
                  1    wreg      void 
 Registers used:
		wreg, status,2
 Tracked objects:
		On entry : 
		On exit  : 
		Unchanged: 
 Data sizes:     COMRAM   BANK0   BANK1   BANK2   BANK3   BANK4   BANK5   BANK6   BANK7
      Params:         0       0       0       0       0       0       0       0       0
      Locals:         0       0       0       0       0       0       0       0       0
      Temps:          0       0       0       0       0       0       0       0       0
      Totals:         0       0       0       0       0       0       0       0       0
Total ram usage:        0 bytes
 Hardware stack levels used:    1
 Hardware stack levels required when called:    2
 This function calls:
		Nothing
 This function is called by:
		_main
 This function uses a non-reentrant model


 *************** function _Pwm4_stop *****************
 Defined at:
		line 229 in file "Pwm_Soft_Tmr1.c"
 Parameters:    Size  Location     Type
		None
 Auto vars:     Size  Location     Type
		None
 Return value:  Size  Location     Type
                  1    wreg      void 
 Registers used:
		wreg, status,2
 Tracked objects:
		On entry : 
		On exit  : 
		Unchanged: 
 Data sizes:     COMRAM   BANK0   BANK1   BANK2   BANK3   BANK4   BANK5   BANK6   BANK7
      Params:         0       0       0       0       0       0       0       0       0
      Locals:         0       0       0       0       0       0       0       0       0
      Temps:          0       0       0       0       0       0       0       0       0
      Totals:         0       0       0       0       0       0       0       0       0
Total ram usage:        0 bytes
 Hardware stack levels used:    1
 Hardware stack levels required when called:    2
 This function calls:
		Nothing
 This function is called by:
		_main
 This function uses a non-reentrant model


 *************** function _Pwm4_init *****************
 Defined at:
		line 197 in file "Pwm_Soft_Tmr1.c"
 Parameters:    Size  Location     Type
  frecuencia      2   67[COMRAM] unsigned int 
 Auto vars:     Size  Location     Type
		None
 Return value:  Size  Location     Type
                  1    wreg      void 
 Registers used:
		wreg, status,2, status,0, cstack
 Tracked objects:
		On entry : 
		On exit  : 
		Unchanged: 
 Data sizes:     COMRAM   BANK0   BANK1   BANK2   BANK3   BANK4   BANK5   BANK6   BANK7
      Params:         2       0       0       0       0       0       0       0       0
      Locals:         0       0       0       0       0       0       0       0       0
      Temps:          0       0       0       0       0       0       0       0       0
      Totals:         2       0       0       0       0       0       0       0       0
Total ram usage:        2 bytes
 Hardware stack levels used:    1
 Hardware stack levels required when called:    3
 This function calls:
		___fldiv
		___fltol
		___xxtofl
 This function is called by:
		_main
 This function uses a non-reentrant model


 *************** function _Pwm4 *****************
 Defined at:
		line 215 in file "Pwm_Soft_Tmr1.c"
 Parameters:    Size  Location     Type
  duty            4   67[COMRAM] float 
 Auto vars:     Size  Location     Type
		None
 Return value:  Size  Location     Type
                  1    wreg      void 
 Registers used:
		wreg, status,2, status,0, prodl, prodh, cstack
 Tracked objects:
		On entry : 
		On exit  : 
		Unchanged: 
 Data sizes:     COMRAM   BANK0   BANK1   BANK2   BANK3   BANK4   BANK5   BANK6   BANK7
      Params:         4       0       0       0       0       0       0       0       0
      Locals:         0       0       0       0       0       0       0       0       0
      Temps:          0       0       0       0       0       0       0       0       0
      Totals:         4       0       0       0       0       0       0       0       0
Total ram usage:        4 bytes
 Hardware stack levels used:    1
 Hardware stack levels required when called:    3
 This function calls:
		___fldiv
		___flmul
		___fltol
 This function is called by:
		_main
 This function uses a non-reentrant model


 *************** function _Pwm3_stop *****************
 Defined at:
		line 182 in file "Pwm_Soft_Tmr1.c"
 Parameters:    Size  Location     Type
		None
 Auto vars:     Size  Location     Type
		None
 Return value:  Size  Location     Type
                  1    wreg      void 
 Registers used:
		wreg, status,2
 Tracked objects:
		On entry : 
		On exit  : 
		Unchanged: 
 Data sizes:     COMRAM   BANK0   BANK1   BANK2   BANK3   BANK4   BANK5   BANK6   BANK7
      Params:         0       0       0       0       0       0       0       0       0
      Locals:         0       0       0       0       0       0       0       0       0
      Temps:          0       0       0       0       0       0       0       0       0
      Totals:         0       0       0       0       0       0       0       0       0
Total ram usage:        0 bytes
 Hardware stack levels used:    1
 Hardware stack levels required when called:    2
 This function calls:
		Nothing
 This function is called by:
		_main
 This function uses a non-reentrant model


 *************** function _Pwm3_init *****************
 Defined at:
		line 150 in file "Pwm_Soft_Tmr1.c"
 Parameters:    Size  Location     Type
  frecuencia      2   67[COMRAM] unsigned int 
 Auto vars:     Size  Location     Type
		None
 Return value:  Size  Location     Type
                  1    wreg      void 
 Registers used:
		wreg, status,2, status,0, cstack
 Tracked objects:
		On entry : 
		On exit  : 
		Unchanged: 
 Data sizes:     COMRAM   BANK0   BANK1   BANK2   BANK3   BANK4   BANK5   BANK6   BANK7
      Params:         2       0       0       0       0       0       0       0       0
      Locals:         0       0       0       0       0       0       0       0       0
      Temps:          0       0       0       0       0       0       0       0       0
      Totals:         2       0       0       0       0       0       0       0       0
Total ram usage:        2 bytes
 Hardware stack levels used:    1
 Hardware stack levels required when called:    3
 This function calls:
		___fldiv
		___fltol
		___xxtofl
 This function is called by:
		_main
 This function uses a non-reentrant model


 *************** function _Pwm3 *****************
 Defined at:
		line 168 in file "Pwm_Soft_Tmr1.c"
 Parameters:    Size  Location     Type
  duty            4   67[COMRAM] float 
 Auto vars:     Size  Location     Type
		None
 Return value:  Size  Location     Type
                  1    wreg      void 
 Registers used:
		wreg, status,2, status,0, prodl, prodh, cstack
 Tracked objects:
		On entry : 
		On exit  : 
		Unchanged: 
 Data sizes:     COMRAM   BANK0   BANK1   BANK2   BANK3   BANK4   BANK5   BANK6   BANK7
      Params:         4       0       0       0       0       0       0       0       0
      Locals:         0       0       0       0       0       0       0       0       0
      Temps:          0       0       0       0       0       0       0       0       0
      Totals:         4       0       0       0       0       0       0       0       0
Total ram usage:        4 bytes
 Hardware stack levels used:    1
 Hardware stack levels required when called:    3
 This function calls:
		___fldiv
		___flmul
		___fltol
 This function is called by:
		_main
 This function uses a non-reentrant model


 *************** function _Pwm2_stop *****************
 Defined at:
		line 135 in file "Pwm_Soft_Tmr1.c"
 Parameters:    Size  Location     Type
		None
 Auto vars:     Size  Location     Type
		None
 Return value:  Size  Location     Type
                  1    wreg      void 
 Registers used:
		wreg, status,2
 Tracked objects:
		On entry : 
		On exit  : 
		Unchanged: 
 Data sizes:     COMRAM   BANK0   BANK1   BANK2   BANK3   BANK4   BANK5   BANK6   BANK7
      Params:         0       0       0       0       0       0       0       0       0
      Locals:         0       0       0       0       0       0       0       0       0
      Temps:          0       0       0       0       0       0       0       0       0
      Totals:         0       0       0       0       0       0       0       0       0
Total ram usage:        0 bytes
 Hardware stack levels used:    1
 Hardware stack levels required when called:    2
 This function calls:
		Nothing
 This function is called by:
		_main
 This function uses a non-reentrant model


 *************** function _Pwm2_init *****************
 Defined at:
		line 97 in file "Pwm_Soft_Tmr1.c"
 Parameters:    Size  Location     Type
  frecuencia      2   67[COMRAM] unsigned int 
 Auto vars:     Size  Location     Type
		None
 Return value:  Size  Location     Type
                  1    wreg      void 
 Registers used:
		wreg, status,2, status,0, cstack
 Tracked objects:
		On entry : 
		On exit  : 
		Unchanged: 
 Data sizes:     COMRAM   BANK0   BANK1   BANK2   BANK3   BANK4   BANK5   BANK6   BANK7
      Params:         2       0       0       0       0       0       0       0       0
      Locals:         0       0       0       0       0       0       0       0       0
      Temps:          0       0       0       0       0       0       0       0       0
      Totals:         2       0       0       0       0       0       0       0       0
Total ram usage:        2 bytes
 Hardware stack levels used:    1
 Hardware stack levels required when called:    3
 This function calls:
		___fldiv
		___fltol
		___xxtofl
 This function is called by:
		_main
 This function uses a non-reentrant model


 *************** function _Pwm2 *****************
 Defined at:
		line 118 in file "Pwm_Soft_Tmr1.c"
 Parameters:    Size  Location     Type
  duty            4   67[COMRAM] float 
 Auto vars:     Size  Location     Type
		None
 Return value:  Size  Location     Type
                  1    wreg      void 
 Registers used:
		wreg, status,2, status,0, prodl, prodh, cstack
 Tracked objects:
		On entry : 
		On exit  : 
		Unchanged: 
 Data sizes:     COMRAM   BANK0   BANK1   BANK2   BANK3   BANK4   BANK5   BANK6   BANK7
      Params:         4       0       0       0       0       0       0       0       0
      Locals:         0       0       0       0       0       0       0       0       0
      Temps:          0       0       0       0       0       0       0       0       0
      Totals:         4       0       0       0       0       0       0       0       0
Total ram usage:        4 bytes
 Hardware stack levels used:    1
 Hardware stack levels required when called:    3
 This function calls:
		___fldiv
		___flmul
		___fltol
 This function is called by:
		_main
 This function uses a non-reentrant model


 *************** function _Pwm1_stop *****************
 Defined at:
		line 82 in file "Pwm_Soft_Tmr1.c"
 Parameters:    Size  Location     Type
		None
 Auto vars:     Size  Location     Type
		None
 Return value:  Size  Location     Type
                  1    wreg      void 
 Registers used:
		wreg, status,2
 Tracked objects:
		On entry : 
		On exit  : 
		Unchanged: 
 Data sizes:     COMRAM   BANK0   BANK1   BANK2   BANK3   BANK4   BANK5   BANK6   BANK7
      Params:         0       0       0       0       0       0       0       0       0
      Locals:         0       0       0       0       0       0       0       0       0
      Temps:          0       0       0       0       0       0       0       0       0
      Totals:         0       0       0       0       0       0       0       0       0
Total ram usage:        0 bytes
 Hardware stack levels used:    1
 Hardware stack levels required when called:    2
 This function calls:
		Nothing
 This function is called by:
		_main
 This function uses a non-reentrant model


 *************** function _Pwm1_init *****************
 Defined at:
		line 44 in file "Pwm_Soft_Tmr1.c"
 Parameters:    Size  Location     Type
  frecuencia      2   67[COMRAM] unsigned int 
 Auto vars:     Size  Location     Type
		None
 Return value:  Size  Location     Type
                  1    wreg      void 
 Registers used:
		wreg, status,2, status,0, cstack
 Tracked objects:
		On entry : 
		On exit  : 
		Unchanged: 
 Data sizes:     COMRAM   BANK0   BANK1   BANK2   BANK3   BANK4   BANK5   BANK6   BANK7
      Params:         2       0       0       0       0       0       0       0       0
      Locals:         0       0       0       0       0       0       0       0       0
      Temps:          0       0       0       0       0       0       0       0       0
      Totals:         2       0       0       0       0       0       0       0       0
Total ram usage:        2 bytes
 Hardware stack levels used:    1
 Hardware stack levels required when called:    3
 This function calls:
		___fldiv
		___fltol
		___xxtofl
 This function is called by:
		_main
 This function uses a non-reentrant model


 *************** function ___xxtofl *****************
 Defined at:
		line 10 in file "C:\Program Files (x86)\Microchip\xc8\pic\sources\c99\common\xxtofl.c"
 Parameters:    Size  Location     Type
  sign            1    wreg     unsigned char 
  val             4    7[COMRAM] long 
 Auto vars:     Size  Location     Type
  sign            1   15[COMRAM] unsigned char 
  arg             4   17[COMRAM] unsigned long 
  exp             1   16[COMRAM] unsigned char 
 Return value:  Size  Location     Type
                  4    7[COMRAM] unsigned char 
 Registers used:
		wreg, status,2, status,0
 Tracked objects:
		On entry : 
		On exit  : 
		Unchanged: 
 Data sizes:     COMRAM   BANK0   BANK1   BANK2   BANK3   BANK4   BANK5   BANK6   BANK7
      Params:         4       0       0       0       0       0       0       0       0
      Locals:         6       0       0       0       0       0       0       0       0
      Temps:          4       0       0       0       0       0       0       0       0
      Totals:        14       0       0       0       0       0       0       0       0
Total ram usage:       14 bytes
 Hardware stack levels used:    1
 Hardware stack levels required when called:    2
 This function calls:
		Nothing
 This function is called by:
		_Pwm1_init
		_Pwm2_init
		_Pwm3_init
		_Pwm4_init
 This function uses a non-reentrant model


 *************** function _Pwm1 *****************
 Defined at:
		line 65 in file "Pwm_Soft_Tmr1.c"
 Parameters:    Size  Location     Type
  duty            4   67[COMRAM] float 
 Auto vars:     Size  Location     Type
		None
 Return value:  Size  Location     Type
                  1    wreg      void 
 Registers used:
		wreg, status,2, status,0, prodl, prodh, cstack
 Tracked objects:
		On entry : 
		On exit  : 
		Unchanged: 
 Data sizes:     COMRAM   BANK0   BANK1   BANK2   BANK3   BANK4   BANK5   BANK6   BANK7
      Params:         4       0       0       0       0       0       0       0       0
      Locals:         0       0       0       0       0       0       0       0       0
      Temps:          0       0       0       0       0       0       0       0       0
      Totals:         4       0       0       0       0       0       0       0       0
Total ram usage:        4 bytes
 Hardware stack levels used:    1
 Hardware stack levels required when called:    3
 This function calls:
		___fldiv
		___flmul
		___fltol
 This function is called by:
		_main
 This function uses a non-reentrant model


 *************** function ___fltol *****************
 Defined at:
		line 43 in file "C:\Program Files (x86)\Microchip\xc8\pic\sources\c99\common\fltol.c"
 Parameters:    Size  Location     Type
  f1              4   57[COMRAM] void 
 Auto vars:     Size  Location     Type
  exp1            1   66[COMRAM] unsigned char 
  sign1           1   65[COMRAM] unsigned char 
 Return value:  Size  Location     Type
                  4   57[COMRAM] long 
 Registers used:
		wreg, status,2, status,0
 Tracked objects:
		On entry : 
		On exit  : 
		Unchanged: 
 Data sizes:     COMRAM   BANK0   BANK1   BANK2   BANK3   BANK4   BANK5   BANK6   BANK7
      Params:         4       0       0       0       0       0       0       0       0
      Locals:         2       0       0       0       0       0       0       0       0
      Temps:          4       0       0       0       0       0       0       0       0
      Totals:        10       0       0       0       0       0       0       0       0
Total ram usage:       10 bytes
 Hardware stack levels used:    1
 Hardware stack levels required when called:    2
 This function calls:
		Nothing
 This function is called by:
		_Pwm1_init
		_Pwm1
		_Pwm2_init
		_Pwm2
		_Pwm3_init
		_Pwm3
		_Pwm4_init
		_Pwm4
 This function uses a non-reentrant model


 *************** function ___flmul *****************
 Defined at:
		line 8 in file "C:\Program Files (x86)\Microchip\xc8\pic\sources\c99\common\sprcmul.c"
 Parameters:    Size  Location     Type
  b               4    7[COMRAM] long 
  a               4   11[COMRAM] long 
 Auto vars:     Size  Location     Type
  prod            4   26[COMRAM] struct .
  grs             4   22[COMRAM] unsigned long 
  temp            2   30[COMRAM] struct .
  bexp            1   21[COMRAM] unsigned char 
  aexp            1   20[COMRAM] unsigned char 
  sign            1   19[COMRAM] unsigned char 
 Return value:  Size  Location     Type
                  4    7[COMRAM] unsigned char 
 Registers used:
		wreg, status,2, status,0, prodl, prodh
 Tracked objects:
		On entry : 
		On exit  : 
		Unchanged: 
 Data sizes:     COMRAM   BANK0   BANK1   BANK2   BANK3   BANK4   BANK5   BANK6   BANK7
      Params:         8       0       0       0       0       0       0       0       0
      Locals:        13       0       0       0       0       0       0       0       0
      Temps:          4       0       0       0       0       0       0       0       0
      Totals:        25       0       0       0       0       0       0       0       0
Total ram usage:       25 bytes
 Hardware stack levels used:    1
 Hardware stack levels required when called:    2
 This function calls:
		Nothing
 This function is called by:
		_Pwm1
		_Pwm2
		_Pwm3
		_Pwm4
 This function uses a non-reentrant model


 *************** function ___fldiv *****************
 Defined at:
		line 11 in file "C:\Program Files (x86)\Microchip\xc8\pic\sources\c99\common\sprcdiv.c"
 Parameters:    Size  Location     Type
  b               4   32[COMRAM] unsigned char 
  a               4   36[COMRAM] unsigned char 
 Auto vars:     Size  Location     Type
  grs             4   51[COMRAM] unsigned long 
  rem             4   44[COMRAM] unsigned long 
  new_exp         2   49[COMRAM] short 
  aexp            1   56[COMRAM] unsigned char 
  bexp            1   55[COMRAM] unsigned char 
  sign            1   48[COMRAM] unsigned char 
 Return value:  Size  Location     Type
                  4   32[COMRAM] unsigned char 
 Registers used:
		wreg, status,2, status,0
 Tracked objects:
		On entry : 
		On exit  : 
		Unchanged: 
 Data sizes:     COMRAM   BANK0   BANK1   BANK2   BANK3   BANK4   BANK5   BANK6   BANK7
      Params:         8       0       0       0       0       0       0       0       0
      Locals:        13       0       0       0       0       0       0       0       0
      Temps:          4       0       0       0       0       0       0       0       0
      Totals:        25       0       0       0       0       0       0       0       0
Total ram usage:       25 bytes
 Hardware stack levels used:    1
 Hardware stack levels required when called:    2
 This function calls:
		Nothing
 This function is called by:
		_Pwm1_init
		_Pwm1
		_Pwm2_init
		_Pwm2
		_Pwm3_init
		_Pwm3
		_Pwm4_init
		_Pwm4
 This function uses a non-reentrant model


 *************** function _ISRL *****************
 Defined at:
		line 72 in file "Main.c"
 Parameters:    Size  Location     Type
		None
 Auto vars:     Size  Location     Type
  f_pwmS4         1    6[COMRAM] _Bool 
  f_pwmS3         1    5[COMRAM] _Bool 
  f_pwmS2         1    4[COMRAM] _Bool 
  f_pwmS1         1    3[COMRAM] _Bool 
 Return value:  Size  Location     Type
                  1    wreg      void 
 Registers used:
		wreg, status,2, status,0, cstack
 Tracked objects:
		On entry : 
		On exit  : 
		Unchanged: 
 Data sizes:     COMRAM   BANK0   BANK1   BANK2   BANK3   BANK4   BANK5   BANK6   BANK7
      Params:         0       0       0       0       0       0       0       0       0
      Locals:         4       0       0       0       0       0       0       0       0
      Temps:          3       0       0       0       0       0       0       0       0
      Totals:         7       0       0       0       0       0       0       0       0
Total ram usage:        7 bytes
 Hardware stack levels used:    1
 Hardware stack levels required when called:    1
 This function calls:
		_Pwm_Signal
 This function is called by:
		Interrupt level 1
 This function uses a non-reentrant model


 *************** function _Pwm_Signal *****************
 Defined at:
		line 244 in file "Pwm_Soft_Tmr1.c"
 Parameters:    Size  Location     Type
		None
 Auto vars:     Size  Location     Type
		None
 Return value:  Size  Location     Type
                  1    wreg      void 
 Registers used:
		wreg, status,2, status,0
 Tracked objects:
		On entry : 
		On exit  : 
		Unchanged: 
 Data sizes:     COMRAM   BANK0   BANK1   BANK2   BANK3   BANK4   BANK5   BANK6   BANK7
      Params:         0       0       0       0       0       0       0       0       0
      Locals:         0       0       0       0       0       0       0       0       0
      Temps:          0       0       0       0       0       0       0       0       0
      Totals:         0       0       0       0       0       0       0       0       0
Total ram usage:        0 bytes
 Hardware stack levels used:    1
 This function calls:
		Nothing
 This function is called by:
		_ISRL
 This function uses a non-reentrant model



MODULE INFORMATION

Module		Function		Class		Link	Load	Size
C:\Program Files (x86)\Microchip\xc8\pic\sources\c99\common\sprcdiv.c
		___fldiv       		CODE           	07AE	0000	649

C:\Program Files (x86)\Microchip\xc8\pic\sources\c99\common\sprcdiv.c estimated size: 649

Pwm_Soft_Tmr1.c
		_Pwm1_stop     		CODE           	1452	0000	35
		_Pwm2_stop     		CODE           	14B4	0000	33
		_Pwm3_stop     		CODE           	1494	0000	33
		_Pwm4_stop     		CODE           	1474	0000	33
		_Pwm1          		CODE           	12EC	0000	163
		_Pwm2          		CODE           	124A	0000	163
		_Pwm1_init     		CODE           	1058	0000	175
		_Pwm3          		CODE           	11A8	0000	163
		_Pwm_Signal    		CODE           	138E	0000	155
		_Pwm2_init     		CODE           	0FAA	0000	175
		_Pwm4          		CODE           	1106	0000	163
		_Pwm3_init     		CODE           	0EFC	0000	175
		_Pwm4_init     		CODE           	0E4E	0000	175
		_Tmr1_configuracion		CODE           	1428	0000	43

Pwm_Soft_Tmr1.c estimated size: 1684

C:\Program Files (x86)\Microchip\xc8\pic\sources\c99\common\sprcadd.c
		___fladd       		CODE           	04A2	0000	781

C:\Program Files (x86)\Microchip\xc8\pic\sources\c99\common\sprcadd.c estimated size: 781

C:\Program Files (x86)\Microchip\xc8\pic\sources\c99\common\xxtofl.c
		___xxtofl      		CODE           	0B84	0000	321

C:\Program Files (x86)\Microchip\xc8\pic\sources\c99\common\xxtofl.c estimated size: 321

Main.c
		_main          		CODE           	0A36	0000	335
		_ISRL          		CODE           	0018	0000	347

Main.c estimated size: 682

shared
		__initialization		CODE           	14D4	0000	13

shared estimated size: 13

C:\Program Files (x86)\Microchip\xc8\pic\sources\c99\common\fltol.c
		___fltol       		CODE           	0D94	0000	187

C:\Program Files (x86)\Microchip\xc8\pic\sources\c99\common\fltol.c estimated size: 187

C:\Program Files (x86)\Microchip\xc8\pic\sources\c99\common\flge.c
		___flge        		CODE           	0CC4	0000	209

C:\Program Files (x86)\Microchip\xc8\pic\sources\c99\common\flge.c estimated size: 209

C:\Program Files (x86)\Microchip\xc8\pic\sources\c99\common\sprcmul.c
		___flmul       		CODE           	0176	0000	813

C:\Program Files (x86)\Microchip\xc8\pic\sources\c99\common\sprcmul.c estimated size: 813

