MPLINK 5.09, LINKER
Linker Map File - Created Tue Jun 02 13:15:13 2020

                                 Section Info
                  Section       Type    Address   Location Size(Bytes)
                ---------  ---------  ---------  ---------  ---------
                   .org_0       code   0x000000    program   0x00001e
                   .cinit    romdata   0x00000f    program   0x000004



                              Program Memory Usage 
                               Start         End      
                           ---------   ---------      
                            0x000000    0x000010      
            17 out of 1094 program addresses used, program memory utilization is 1%



                              Symbols - Sorted by Name
                     Name    Address   Location    Storage File                     
                ---------  ---------  ---------  --------- ---------                
             PRIMER_MITAD   0x000009    program     static C:\Users\aguat\Documents\MPLAB PROJECTS\PROGRAMAS EN ASM\Segundo\Segundo.X\Main.asm
            SEGUNDA_MITAD   0x00000c    program     static C:\Users\aguat\Documents\MPLAB PROJECTS\PROGRAMAS EN ASM\Segundo\Segundo.X\Main.asm
                VERIFICAR   0x000006    program     static C:\Users\aguat\Documents\MPLAB PROJECTS\PROGRAMAS EN ASM\Segundo\Segundo.X\Main.asm



                              Symbols - Sorted by Address
                     Name    Address   Location    Storage File                     
                ---------  ---------  ---------  --------- ---------                
                VERIFICAR   0x000006    program     static C:\Users\aguat\Documents\MPLAB PROJECTS\PROGRAMAS EN ASM\Segundo\Segundo.X\Main.asm
             PRIMER_MITAD   0x000009    program     static C:\Users\aguat\Documents\MPLAB PROJECTS\PROGRAMAS EN ASM\Segundo\Segundo.X\Main.asm
            SEGUNDA_MITAD   0x00000c    program     static C:\Users\aguat\Documents\MPLAB PROJECTS\PROGRAMAS EN ASM\Segundo\Segundo.X\Main.asm


